<html>
<body>
<pre>
<h1>µVision Build Log</h1>
<h2>Tool Versions:</h2>
IDE-Version: ¦ÌVision V5.17.0.0
Copyright (C) 2015 ARM Ltd and ARM Germany GmbH. All rights reserved.
License Information: a a, a, LIC=1WS9U-S0B9Z-LTR3E-59JXJ-33TTH-FAM8L
 
Tool Versions:
Toolchain:       MDK-ARM Professional  Version: 5.17
Toolchain Path:  D:\Program Files (x86)\MDK\ARM\ARMCC\Bin
C Compiler:      Armcc.exe V5.06 update 1 (build 61)
Assembler:       Armasm.exe V5.06 update 1 (build 61)
Linker/Locator:  ArmLink.exe V5.06 update 1 (build 61)
Library Manager: ArmAr.exe V5.06 update 1 (build 61)
Hex Converter:   FromElf.exe V5.06 update 1 (build 61)
CPU DLL:         SARMCM3.DLL V5.17
Dialog DLL:      DARMSTM.DLL V1.65.0.0
Target DLL:      STLink\ST-LINKIII-KEIL_SWO.dll V2.0.18.0
Dialog DLL:      TARMSTM.DLL V1.64.0.0
 
<h2>Project:</h2>
E:\Projects\Stm32\f1\MyCode\MPU6050ÍÓÂÝÒÇ\USER\MPU6050.uvprojx
Project File Date:  10/22/2016

<h2>Output:</h2>
*** Using Compiler 'V5.06 update 1 (build 61)', folder: 'D:\Program Files (x86)\MDK\ARM\ARMCC\Bin'
Build target 'MPU6050'
compiling main.c...
main.c(110): warning:  #1293-D: assignment in condition
  	while(key=mpu_dmp_init())
main.c(121): warning:  #128-D: loop is not reachable
   	while(1)
main.c(89): warning:  #177-D: variable "t" was declared but never referenced
  	u8 t=0,report=1;			//Ä¬?Ï¿????Ï±?
main.c(89): warning:  #177-D: variable "report" was declared but never referenced
  	u8 t=0,report=1;			//Ä¬?Ï¿????Ï±?
main.c: 4 warnings, 0 errors
compiling inv_mpu.c...
linking...
Program Size: Code=31524 RO-data=4280 RW-data=436 ZI-data=1852  
FromELF: creating hex file...
"..\OBJ\MPU6050.axf" - 0 Error(s), 4 Warning(s).

<h2>Collection of Component include folders:</h2>
  E:\Projects\Stm32\f1\MyCode\MPU6050ÍÓÂÝÒÇ\USER\RTE
  D:\Program Files (x86)\MDK\ARM\PACK\Keil\STM32F1xx_DFP\2.0.0\Device\Include

<h2>Collection of Component Files used:</h2>
Build Time Elapsed:  00:00:02
</pre>
</body>
</html>
