Component: ARM Compiler 5.05 update 1 (build 106) Tool: armlink [4d0efa]

==============================================================================

Section Cross References

    stm32f1xx_hal_dma.o(i.HAL_DMA_Abort) refers to stm32f1xx_hal.o(i.HAL_GetTick) for HAL_GetTick
    stm32f1xx_hal_dma.o(i.HAL_DMA_PollForTransfer) refers to stm32f1xx_hal.o(i.HAL_GetTick) for HAL_GetTick
    stm32f1xx_hal_dma.o(i.HAL_DMA_Start) refers to stm32f1xx_hal_dma.o(i.DMA_SetConfig) for DMA_SetConfig
    stm32f1xx_hal_dma.o(i.HAL_DMA_Start_IT) refers to stm32f1xx_hal_dma.o(i.DMA_SetConfig) for DMA_SetConfig
    stm32f1xx_hal_rcc.o(i.HAL_RCC_ClockConfig) refers to stm32f1xx_hal.o(i.HAL_GetTick) for HAL_GetTick
    stm32f1xx_hal_rcc.o(i.HAL_RCC_ClockConfig) refers to stm32f1xx_hal_rcc.o(i.HAL_RCC_GetSysClockFreq) for HAL_RCC_GetSysClockFreq
    stm32f1xx_hal_rcc.o(i.HAL_RCC_ClockConfig) refers to stm32f1xx_hal.o(i.HAL_InitTick) for HAL_InitTick
    stm32f1xx_hal_rcc.o(i.HAL_RCC_ClockConfig) refers to system_stm32f1xx.o(.constdata) for AHBPrescTable
    stm32f1xx_hal_rcc.o(i.HAL_RCC_ClockConfig) refers to system_stm32f1xx.o(.data) for SystemCoreClock
    stm32f1xx_hal_rcc.o(i.HAL_RCC_DeInit) refers to system_stm32f1xx.o(.data) for SystemCoreClock
    stm32f1xx_hal_rcc.o(i.HAL_RCC_GetHCLKFreq) refers to system_stm32f1xx.o(.data) for SystemCoreClock
    stm32f1xx_hal_rcc.o(i.HAL_RCC_GetPCLK1Freq) refers to system_stm32f1xx.o(.data) for SystemCoreClock
    stm32f1xx_hal_rcc.o(i.HAL_RCC_GetPCLK1Freq) refers to system_stm32f1xx.o(.constdata) for APBPrescTable
    stm32f1xx_hal_rcc.o(i.HAL_RCC_GetPCLK2Freq) refers to system_stm32f1xx.o(.data) for SystemCoreClock
    stm32f1xx_hal_rcc.o(i.HAL_RCC_GetPCLK2Freq) refers to system_stm32f1xx.o(.constdata) for APBPrescTable
    stm32f1xx_hal_rcc.o(i.HAL_RCC_MCOConfig) refers to stm32f1xx_hal_gpio.o(i.HAL_GPIO_Init) for HAL_GPIO_Init
    stm32f1xx_hal_rcc.o(i.HAL_RCC_NMI_IRQHandler) refers to stm32f1xx_hal_rcc.o(i.HAL_RCC_CSSCallback) for HAL_RCC_CSSCallback
    stm32f1xx_hal_rcc.o(i.HAL_RCC_OscConfig) refers to stm32f1xx_hal.o(i.HAL_GetTick) for HAL_GetTick
    stm32f1xx_hal_rcc.o(i.HAL_RCC_OscConfig) refers to stm32f1xx_hal.o(i.HAL_Delay) for HAL_Delay
    stm32f1xx_hal_cortex.o(i.HAL_NVIC_SetPriority) refers to stm32f1xx_hal_cortex.o(i.NVIC_SetPriority) for NVIC_SetPriority
    stm32f1xx_hal_cortex.o(i.HAL_SYSTICK_Config) refers to stm32f1xx_hal_cortex.o(i.NVIC_SetPriority) for NVIC_SetPriority
    stm32f1xx_hal_cortex.o(i.HAL_SYSTICK_IRQHandler) refers to stm32f1xx_hal_cortex.o(i.HAL_SYSTICK_Callback) for HAL_SYSTICK_Callback
    stm32f1xx_hal_rcc_ex.o(i.HAL_RCCEx_GetPeriphCLKFreq) refers to stm32f1xx_hal_rcc.o(i.HAL_RCC_GetPCLK2Freq) for HAL_RCC_GetPCLK2Freq
    stm32f1xx_hal_rcc_ex.o(i.HAL_RCCEx_GetPeriphCLKFreq) refers to stm32f1xx_hal_rcc.o(i.HAL_RCC_GetSysClockFreq) for HAL_RCC_GetSysClockFreq
    stm32f1xx_hal_rcc_ex.o(i.HAL_RCCEx_PeriphCLKConfig) refers to stm32f1xx_hal.o(i.HAL_GetTick) for HAL_GetTick
    stm32f1xx_hal.o(i.HAL_DeInit) refers to stm32f1xx_hal.o(i.HAL_MspDeInit) for HAL_MspDeInit
    stm32f1xx_hal.o(i.HAL_Delay) refers to stm32f1xx_hal.o(i.HAL_GetTick) for HAL_GetTick
    stm32f1xx_hal.o(i.HAL_GetTick) refers to stm32f1xx_hal.o(.data) for .data
    stm32f1xx_hal.o(i.HAL_IncTick) refers to stm32f1xx_hal.o(.data) for .data
    stm32f1xx_hal.o(i.HAL_Init) refers to stm32f1xx_hal_cortex.o(i.HAL_NVIC_SetPriorityGrouping) for HAL_NVIC_SetPriorityGrouping
    stm32f1xx_hal.o(i.HAL_Init) refers to stm32f1xx_hal.o(i.HAL_InitTick) for HAL_InitTick
    stm32f1xx_hal.o(i.HAL_Init) refers to stm32f1xx_hal_msp.o(i.HAL_MspInit) for HAL_MspInit
    stm32f1xx_hal.o(i.HAL_InitTick) refers to stm32f1xx_hal_rcc.o(i.HAL_RCC_GetHCLKFreq) for HAL_RCC_GetHCLKFreq
    stm32f1xx_hal.o(i.HAL_InitTick) refers to stm32f1xx_hal_cortex.o(i.HAL_SYSTICK_Config) for HAL_SYSTICK_Config
    stm32f1xx_hal.o(i.HAL_InitTick) refers to stm32f1xx_hal_cortex.o(i.HAL_NVIC_SetPriority) for HAL_NVIC_SetPriority
    stm32f1xx_hal_uart.o(i.HAL_HalfDuplex_Init) refers to usart.o(i.HAL_UART_MspInit) for HAL_UART_MspInit
    stm32f1xx_hal_uart.o(i.HAL_HalfDuplex_Init) refers to stm32f1xx_hal_uart.o(i.UART_SetConfig) for UART_SetConfig
    stm32f1xx_hal_uart.o(i.HAL_LIN_Init) refers to usart.o(i.HAL_UART_MspInit) for HAL_UART_MspInit
    stm32f1xx_hal_uart.o(i.HAL_LIN_Init) refers to stm32f1xx_hal_uart.o(i.UART_SetConfig) for UART_SetConfig
    stm32f1xx_hal_uart.o(i.HAL_MultiProcessor_Init) refers to usart.o(i.HAL_UART_MspInit) for HAL_UART_MspInit
    stm32f1xx_hal_uart.o(i.HAL_MultiProcessor_Init) refers to stm32f1xx_hal_uart.o(i.UART_SetConfig) for UART_SetConfig
    stm32f1xx_hal_uart.o(i.HAL_UART_DMAStop) refers to stm32f1xx_hal_dma.o(i.HAL_DMA_Abort) for HAL_DMA_Abort
    stm32f1xx_hal_uart.o(i.HAL_UART_DeInit) refers to usart.o(i.HAL_UART_MspDeInit) for HAL_UART_MspDeInit
    stm32f1xx_hal_uart.o(i.HAL_UART_IRQHandler) refers to stm32f1xx_hal_uart.o(i.UART_Receive_IT) for UART_Receive_IT
    stm32f1xx_hal_uart.o(i.HAL_UART_IRQHandler) refers to stm32f1xx_hal_uart.o(i.UART_Transmit_IT) for UART_Transmit_IT
    stm32f1xx_hal_uart.o(i.HAL_UART_IRQHandler) refers to stm32f1xx_hal_uart.o(i.HAL_UART_TxCpltCallback) for HAL_UART_TxCpltCallback
    stm32f1xx_hal_uart.o(i.HAL_UART_IRQHandler) refers to stm32f1xx_hal_uart.o(i.HAL_UART_ErrorCallback) for HAL_UART_ErrorCallback
    stm32f1xx_hal_uart.o(i.HAL_UART_Init) refers to usart.o(i.HAL_UART_MspInit) for HAL_UART_MspInit
    stm32f1xx_hal_uart.o(i.HAL_UART_Init) refers to stm32f1xx_hal_uart.o(i.UART_SetConfig) for UART_SetConfig
    stm32f1xx_hal_uart.o(i.HAL_UART_Receive) refers to stm32f1xx_hal_uart.o(i.UART_WaitOnFlagUntilTimeout) for UART_WaitOnFlagUntilTimeout
    stm32f1xx_hal_uart.o(i.HAL_UART_Receive_DMA) refers to stm32f1xx_hal_dma.o(i.HAL_DMA_Start_IT) for HAL_DMA_Start_IT
    stm32f1xx_hal_uart.o(i.HAL_UART_Receive_DMA) refers to stm32f1xx_hal_uart.o(i.UART_DMAReceiveCplt) for UART_DMAReceiveCplt
    stm32f1xx_hal_uart.o(i.HAL_UART_Receive_DMA) refers to stm32f1xx_hal_uart.o(i.UART_DMARxHalfCplt) for UART_DMARxHalfCplt
    stm32f1xx_hal_uart.o(i.HAL_UART_Receive_DMA) refers to stm32f1xx_hal_uart.o(i.UART_DMAError) for UART_DMAError
    stm32f1xx_hal_uart.o(i.HAL_UART_Transmit) refers to stm32f1xx_hal_uart.o(i.UART_WaitOnFlagUntilTimeout) for UART_WaitOnFlagUntilTimeout
    stm32f1xx_hal_uart.o(i.HAL_UART_Transmit_DMA) refers to stm32f1xx_hal_dma.o(i.HAL_DMA_Start_IT) for HAL_DMA_Start_IT
    stm32f1xx_hal_uart.o(i.HAL_UART_Transmit_DMA) refers to stm32f1xx_hal_uart.o(i.UART_DMATransmitCplt) for UART_DMATransmitCplt
    stm32f1xx_hal_uart.o(i.HAL_UART_Transmit_DMA) refers to stm32f1xx_hal_uart.o(i.UART_DMATxHalfCplt) for UART_DMATxHalfCplt
    stm32f1xx_hal_uart.o(i.HAL_UART_Transmit_DMA) refers to stm32f1xx_hal_uart.o(i.UART_DMAError) for UART_DMAError
    stm32f1xx_hal_uart.o(i.UART_DMAError) refers to stm32f1xx_hal_uart.o(i.HAL_UART_ErrorCallback) for HAL_UART_ErrorCallback
    stm32f1xx_hal_uart.o(i.UART_DMAReceiveCplt) refers to stm32f1xx_hal_uart.o(i.HAL_UART_RxCpltCallback) for HAL_UART_RxCpltCallback
    stm32f1xx_hal_uart.o(i.UART_DMARxHalfCplt) refers to stm32f1xx_hal_uart.o(i.HAL_UART_RxHalfCpltCallback) for HAL_UART_RxHalfCpltCallback
    stm32f1xx_hal_uart.o(i.UART_DMATransmitCplt) refers to stm32f1xx_hal_uart.o(i.HAL_UART_TxCpltCallback) for HAL_UART_TxCpltCallback
    stm32f1xx_hal_uart.o(i.UART_DMATxHalfCplt) refers to stm32f1xx_hal_uart.o(i.HAL_UART_TxHalfCpltCallback) for HAL_UART_TxHalfCpltCallback
    stm32f1xx_hal_uart.o(i.UART_Receive_IT) refers to stm32f1xx_hal_uart.o(i.HAL_UART_RxCpltCallback) for HAL_UART_RxCpltCallback
    stm32f1xx_hal_uart.o(i.UART_SetConfig) refers to stm32f1xx_hal_rcc.o(i.HAL_RCC_GetPCLK2Freq) for HAL_RCC_GetPCLK2Freq
    stm32f1xx_hal_uart.o(i.UART_SetConfig) refers to stm32f1xx_hal_rcc.o(i.HAL_RCC_GetPCLK1Freq) for HAL_RCC_GetPCLK1Freq
    stm32f1xx_hal_uart.o(i.UART_WaitOnFlagUntilTimeout) refers to stm32f1xx_hal.o(i.HAL_GetTick) for HAL_GetTick
    stm32f1xx_hal_gpio.o(i.HAL_GPIO_EXTI_IRQHandler) refers to stm32f1xx_hal_gpio.o(i.HAL_GPIO_EXTI_Callback) for HAL_GPIO_EXTI_Callback
    stm32f1xx_hal_flash.o(i.FLASH_Program_HalfWord) refers to stm32f1xx_hal_flash.o(.bss) for .bss
    stm32f1xx_hal_flash.o(i.FLASH_SetErrorCode) refers to stm32f1xx_hal_flash.o(.bss) for .bss
    stm32f1xx_hal_flash.o(i.FLASH_WaitForLastOperation) refers to stm32f1xx_hal.o(i.HAL_GetTick) for HAL_GetTick
    stm32f1xx_hal_flash.o(i.FLASH_WaitForLastOperation) refers to stm32f1xx_hal_flash.o(i.FLASH_SetErrorCode) for FLASH_SetErrorCode
    stm32f1xx_hal_flash.o(i.HAL_FLASH_GetError) refers to stm32f1xx_hal_flash.o(.bss) for .bss
    stm32f1xx_hal_flash.o(i.HAL_FLASH_IRQHandler) refers to stm32f1xx_hal_flash.o(i.FLASH_SetErrorCode) for FLASH_SetErrorCode
    stm32f1xx_hal_flash.o(i.HAL_FLASH_IRQHandler) refers to stm32f1xx_hal_flash.o(i.HAL_FLASH_OperationErrorCallback) for HAL_FLASH_OperationErrorCallback
    stm32f1xx_hal_flash.o(i.HAL_FLASH_IRQHandler) refers to stm32f1xx_hal_flash.o(i.FLASH_Program_HalfWord) for FLASH_Program_HalfWord
    stm32f1xx_hal_flash.o(i.HAL_FLASH_IRQHandler) refers to stm32f1xx_hal_flash.o(i.HAL_FLASH_EndOfOperationCallback) for HAL_FLASH_EndOfOperationCallback
    stm32f1xx_hal_flash.o(i.HAL_FLASH_IRQHandler) refers to stm32f1xx_hal_flash_ex.o(i.FLASH_PageErase) for FLASH_PageErase
    stm32f1xx_hal_flash.o(i.HAL_FLASH_IRQHandler) refers to stm32f1xx_hal_flash.o(.bss) for .bss
    stm32f1xx_hal_flash.o(i.HAL_FLASH_OB_Launch) refers to stm32f1xx_hal_cortex.o(i.HAL_NVIC_SystemReset) for HAL_NVIC_SystemReset
    stm32f1xx_hal_flash.o(i.HAL_FLASH_Program) refers to stm32f1xx_hal_flash.o(i.FLASH_WaitForLastOperation) for FLASH_WaitForLastOperation
    stm32f1xx_hal_flash.o(i.HAL_FLASH_Program) refers to llushr.o(.text) for __aeabi_llsr
    stm32f1xx_hal_flash.o(i.HAL_FLASH_Program) refers to stm32f1xx_hal_flash.o(i.FLASH_Program_HalfWord) for FLASH_Program_HalfWord
    stm32f1xx_hal_flash.o(i.HAL_FLASH_Program) refers to stm32f1xx_hal_flash.o(.bss) for .bss
    stm32f1xx_hal_flash.o(i.HAL_FLASH_Program_IT) refers to stm32f1xx_hal_flash.o(i.FLASH_Program_HalfWord) for FLASH_Program_HalfWord
    stm32f1xx_hal_flash.o(i.HAL_FLASH_Program_IT) refers to stm32f1xx_hal_flash.o(.bss) for .bss
    stm32f1xx_hal_spi_ex.o(i.HAL_SPI_Init) refers to spi.o(i.HAL_SPI_MspInit) for HAL_SPI_MspInit
    stm32f1xx_hal_spi_ex.o(i.HAL_SPI_Init) refers to stm32f1xx_hal_spi_ex.o(.data) for .data
    stm32f1xx_hal_spi_ex.o(i.SPI_ISCRCErrorValid) refers to stm32f1xx_hal_spi_ex.o(.data) for .data
    stm32f1xx_hal_flash_ex.o(i.FLASH_MassErase) refers to stm32f1xx_hal_flash.o(.bss) for pFlash
    stm32f1xx_hal_flash_ex.o(i.FLASH_OB_DisableWRP) refers to stm32f1xx_hal_flash.o(i.FLASH_WaitForLastOperation) for FLASH_WaitForLastOperation
    stm32f1xx_hal_flash_ex.o(i.FLASH_OB_DisableWRP) refers to stm32f1xx_hal_flash_ex.o(i.HAL_FLASHEx_OBErase) for HAL_FLASHEx_OBErase
    stm32f1xx_hal_flash_ex.o(i.FLASH_OB_DisableWRP) refers to stm32f1xx_hal_flash.o(.bss) for pFlash
    stm32f1xx_hal_flash_ex.o(i.FLASH_OB_EnableWRP) refers to stm32f1xx_hal_flash.o(i.FLASH_WaitForLastOperation) for FLASH_WaitForLastOperation
    stm32f1xx_hal_flash_ex.o(i.FLASH_OB_EnableWRP) refers to stm32f1xx_hal_flash_ex.o(i.HAL_FLASHEx_OBErase) for HAL_FLASHEx_OBErase
    stm32f1xx_hal_flash_ex.o(i.FLASH_OB_EnableWRP) refers to stm32f1xx_hal_flash.o(.bss) for pFlash
    stm32f1xx_hal_flash_ex.o(i.FLASH_OB_RDP_LevelConfig) refers to stm32f1xx_hal_flash.o(i.FLASH_WaitForLastOperation) for FLASH_WaitForLastOperation
    stm32f1xx_hal_flash_ex.o(i.FLASH_OB_RDP_LevelConfig) refers to stm32f1xx_hal_flash.o(.bss) for pFlash
    stm32f1xx_hal_flash_ex.o(i.FLASH_PageErase) refers to stm32f1xx_hal_flash.o(.bss) for pFlash
    stm32f1xx_hal_flash_ex.o(i.HAL_FLASHEx_Erase) refers to stm32f1xx_hal_flash.o(i.FLASH_WaitForLastOperation) for FLASH_WaitForLastOperation
    stm32f1xx_hal_flash_ex.o(i.HAL_FLASHEx_Erase) refers to stm32f1xx_hal_flash_ex.o(i.FLASH_MassErase) for FLASH_MassErase
    stm32f1xx_hal_flash_ex.o(i.HAL_FLASHEx_Erase) refers to stm32f1xx_hal_flash_ex.o(i.FLASH_PageErase) for FLASH_PageErase
    stm32f1xx_hal_flash_ex.o(i.HAL_FLASHEx_Erase) refers to stm32f1xx_hal_flash.o(.bss) for pFlash
    stm32f1xx_hal_flash_ex.o(i.HAL_FLASHEx_Erase_IT) refers to stm32f1xx_hal_flash_ex.o(i.FLASH_PageErase) for FLASH_PageErase
    stm32f1xx_hal_flash_ex.o(i.HAL_FLASHEx_Erase_IT) refers to stm32f1xx_hal_flash_ex.o(i.FLASH_MassErase) for FLASH_MassErase
    stm32f1xx_hal_flash_ex.o(i.HAL_FLASHEx_Erase_IT) refers to stm32f1xx_hal_flash.o(.bss) for pFlash
    stm32f1xx_hal_flash_ex.o(i.HAL_FLASHEx_OBErase) refers to stm32f1xx_hal_flash_ex.o(i.FLASH_OB_GetRDP) for FLASH_OB_GetRDP
    stm32f1xx_hal_flash_ex.o(i.HAL_FLASHEx_OBErase) refers to stm32f1xx_hal_flash.o(i.FLASH_WaitForLastOperation) for FLASH_WaitForLastOperation
    stm32f1xx_hal_flash_ex.o(i.HAL_FLASHEx_OBErase) refers to stm32f1xx_hal_flash_ex.o(i.FLASH_OB_RDP_LevelConfig) for FLASH_OB_RDP_LevelConfig
    stm32f1xx_hal_flash_ex.o(i.HAL_FLASHEx_OBErase) refers to stm32f1xx_hal_flash.o(.bss) for pFlash
    stm32f1xx_hal_flash_ex.o(i.HAL_FLASHEx_OBGetConfig) refers to stm32f1xx_hal_flash_ex.o(i.FLASH_OB_GetRDP) for FLASH_OB_GetRDP
    stm32f1xx_hal_flash_ex.o(i.HAL_FLASHEx_OBProgram) refers to stm32f1xx_hal_flash_ex.o(i.FLASH_OB_DisableWRP) for FLASH_OB_DisableWRP
    stm32f1xx_hal_flash_ex.o(i.HAL_FLASHEx_OBProgram) refers to stm32f1xx_hal_flash_ex.o(i.FLASH_OB_EnableWRP) for FLASH_OB_EnableWRP
    stm32f1xx_hal_flash_ex.o(i.HAL_FLASHEx_OBProgram) refers to stm32f1xx_hal_flash_ex.o(i.FLASH_OB_RDP_LevelConfig) for FLASH_OB_RDP_LevelConfig
    stm32f1xx_hal_flash_ex.o(i.HAL_FLASHEx_OBProgram) refers to stm32f1xx_hal_flash.o(i.FLASH_WaitForLastOperation) for FLASH_WaitForLastOperation
    stm32f1xx_hal_flash_ex.o(i.HAL_FLASHEx_OBProgram) refers to stm32f1xx_hal_flash.o(.bss) for pFlash
    stm32f1xx_hal_pwr.o(i.HAL_PWR_EnterSTOPMode) refers to stm32f1xx_hal_pwr.o(i.PWR_OverloadWfe) for PWR_OverloadWfe
    stm32f1xx_hal_pwr.o(i.HAL_PWR_PVD_IRQHandler) refers to stm32f1xx_hal_pwr.o(i.HAL_PWR_PVDCallback) for HAL_PWR_PVDCallback
    stm32f1xx_hal_spi.o(i.HAL_SPI_DMAStop) refers to stm32f1xx_hal_dma.o(i.HAL_DMA_Abort) for HAL_DMA_Abort
    stm32f1xx_hal_spi.o(i.HAL_SPI_DeInit) refers to spi.o(i.HAL_SPI_MspDeInit) for HAL_SPI_MspDeInit
    stm32f1xx_hal_spi.o(i.HAL_SPI_IRQHandler) refers to stm32f1xx_hal_spi.o(i.HAL_SPI_ErrorCallback) for HAL_SPI_ErrorCallback
    stm32f1xx_hal_spi.o(i.HAL_SPI_Init) refers to spi.o(i.HAL_SPI_MspInit) for HAL_SPI_MspInit
    stm32f1xx_hal_spi.o(i.HAL_SPI_Receive) refers to stm32f1xx_hal_spi.o(i.HAL_SPI_TransmitReceive) for HAL_SPI_TransmitReceive
    stm32f1xx_hal_spi.o(i.HAL_SPI_Receive) refers to stm32f1xx_hal_spi.o(i.SPI_WaitOnFlagUntilTimeout) for SPI_WaitOnFlagUntilTimeout
    stm32f1xx_hal_spi.o(i.HAL_SPI_Receive) refers to stm32f1xx_hal_spi_ex.o(i.SPI_ISCRCErrorValid) for SPI_ISCRCErrorValid
    stm32f1xx_hal_spi.o(i.HAL_SPI_Receive_DMA) refers to stm32f1xx_hal_spi.o(i.HAL_SPI_TransmitReceive_DMA) for HAL_SPI_TransmitReceive_DMA
    stm32f1xx_hal_spi.o(i.HAL_SPI_Receive_DMA) refers to stm32f1xx_hal_dma.o(i.HAL_DMA_Start_IT) for HAL_DMA_Start_IT
    stm32f1xx_hal_spi.o(i.HAL_SPI_Receive_DMA) refers to stm32f1xx_hal_spi.o(i.SPI_DMAHalfReceiveCplt) for SPI_DMAHalfReceiveCplt
    stm32f1xx_hal_spi.o(i.HAL_SPI_Receive_DMA) refers to stm32f1xx_hal_spi.o(i.SPI_DMAReceiveCplt) for SPI_DMAReceiveCplt
    stm32f1xx_hal_spi.o(i.HAL_SPI_Receive_DMA) refers to stm32f1xx_hal_spi.o(i.SPI_DMAError) for SPI_DMAError
    stm32f1xx_hal_spi.o(i.HAL_SPI_Receive_IT) refers to stm32f1xx_hal_spi.o(i.HAL_SPI_TransmitReceive_IT) for HAL_SPI_TransmitReceive_IT
    stm32f1xx_hal_spi.o(i.HAL_SPI_Receive_IT) refers to stm32f1xx_hal_spi.o(i.SPI_RxISR) for SPI_RxISR
    stm32f1xx_hal_spi.o(i.HAL_SPI_Transmit) refers to stm32f1xx_hal_spi.o(i.SPI_WaitOnFlagUntilTimeout) for SPI_WaitOnFlagUntilTimeout
    stm32f1xx_hal_spi.o(i.HAL_SPI_TransmitReceive) refers to stm32f1xx_hal_spi.o(i.SPI_WaitOnFlagUntilTimeout) for SPI_WaitOnFlagUntilTimeout
    stm32f1xx_hal_spi.o(i.HAL_SPI_TransmitReceive_DMA) refers to stm32f1xx_hal_dma.o(i.HAL_DMA_Start_IT) for HAL_DMA_Start_IT
    stm32f1xx_hal_spi.o(i.HAL_SPI_TransmitReceive_DMA) refers to stm32f1xx_hal_spi.o(i.SPI_DMAHalfTransmitReceiveCplt) for SPI_DMAHalfTransmitReceiveCplt
    stm32f1xx_hal_spi.o(i.HAL_SPI_TransmitReceive_DMA) refers to stm32f1xx_hal_spi.o(i.SPI_DMATransmitReceiveCplt) for SPI_DMATransmitReceiveCplt
    stm32f1xx_hal_spi.o(i.HAL_SPI_TransmitReceive_DMA) refers to stm32f1xx_hal_spi.o(i.SPI_DMAError) for SPI_DMAError
    stm32f1xx_hal_spi.o(i.HAL_SPI_TransmitReceive_DMA) refers to stm32f1xx_hal_spi.o(i.SPI_DMAHalfReceiveCplt) for SPI_DMAHalfReceiveCplt
    stm32f1xx_hal_spi.o(i.HAL_SPI_TransmitReceive_DMA) refers to stm32f1xx_hal_spi.o(i.SPI_DMAReceiveCplt) for SPI_DMAReceiveCplt
    stm32f1xx_hal_spi.o(i.HAL_SPI_TransmitReceive_IT) refers to stm32f1xx_hal_spi.o(i.SPI_TxISR) for SPI_TxISR
    stm32f1xx_hal_spi.o(i.HAL_SPI_TransmitReceive_IT) refers to stm32f1xx_hal_spi.o(i.SPI_2LinesRxISR) for SPI_2LinesRxISR
    stm32f1xx_hal_spi.o(i.HAL_SPI_Transmit_DMA) refers to stm32f1xx_hal_dma.o(i.HAL_DMA_Start_IT) for HAL_DMA_Start_IT
    stm32f1xx_hal_spi.o(i.HAL_SPI_Transmit_DMA) refers to stm32f1xx_hal_spi.o(i.SPI_DMAHalfTransmitCplt) for SPI_DMAHalfTransmitCplt
    stm32f1xx_hal_spi.o(i.HAL_SPI_Transmit_DMA) refers to stm32f1xx_hal_spi.o(i.SPI_DMATransmitCplt) for SPI_DMATransmitCplt
    stm32f1xx_hal_spi.o(i.HAL_SPI_Transmit_DMA) refers to stm32f1xx_hal_spi.o(i.SPI_DMAError) for SPI_DMAError
    stm32f1xx_hal_spi.o(i.HAL_SPI_Transmit_IT) refers to stm32f1xx_hal_spi.o(i.SPI_TxISR) for SPI_TxISR
    stm32f1xx_hal_spi.o(i.SPI_2LinesRxISR) refers to stm32f1xx_hal_spi.o(i.SPI_RxCloseIRQHandler) for SPI_RxCloseIRQHandler
    stm32f1xx_hal_spi.o(i.SPI_DMAError) refers to stm32f1xx_hal_spi.o(i.HAL_SPI_ErrorCallback) for HAL_SPI_ErrorCallback
    stm32f1xx_hal_spi.o(i.SPI_DMAHalfReceiveCplt) refers to stm32f1xx_hal_spi.o(i.HAL_SPI_RxHalfCpltCallback) for HAL_SPI_RxHalfCpltCallback
    stm32f1xx_hal_spi.o(i.SPI_DMAHalfTransmitCplt) refers to stm32f1xx_hal_spi.o(i.HAL_SPI_TxHalfCpltCallback) for HAL_SPI_TxHalfCpltCallback
    stm32f1xx_hal_spi.o(i.SPI_DMAHalfTransmitReceiveCplt) refers to stm32f1xx_hal_spi.o(i.HAL_SPI_TxRxHalfCpltCallback) for HAL_SPI_TxRxHalfCpltCallback
    stm32f1xx_hal_spi.o(i.SPI_DMAReceiveCplt) refers to stm32f1xx_hal_spi.o(i.SPI_WaitOnFlagUntilTimeout) for SPI_WaitOnFlagUntilTimeout
    stm32f1xx_hal_spi.o(i.SPI_DMAReceiveCplt) refers to stm32f1xx_hal_spi_ex.o(i.SPI_ISCRCErrorValid) for SPI_ISCRCErrorValid
    stm32f1xx_hal_spi.o(i.SPI_DMAReceiveCplt) refers to stm32f1xx_hal_spi.o(i.HAL_SPI_ErrorCallback) for HAL_SPI_ErrorCallback
    stm32f1xx_hal_spi.o(i.SPI_DMAReceiveCplt) refers to stm32f1xx_hal_spi.o(i.HAL_SPI_RxCpltCallback) for HAL_SPI_RxCpltCallback
    stm32f1xx_hal_spi.o(i.SPI_DMATransmitCplt) refers to stm32f1xx_hal_spi.o(i.SPI_WaitOnFlagUntilTimeout) for SPI_WaitOnFlagUntilTimeout
    stm32f1xx_hal_spi.o(i.SPI_DMATransmitCplt) refers to stm32f1xx_hal_spi.o(i.HAL_SPI_ErrorCallback) for HAL_SPI_ErrorCallback
    stm32f1xx_hal_spi.o(i.SPI_DMATransmitCplt) refers to stm32f1xx_hal_spi.o(i.HAL_SPI_TxCpltCallback) for HAL_SPI_TxCpltCallback
    stm32f1xx_hal_spi.o(i.SPI_DMATransmitReceiveCplt) refers to stm32f1xx_hal_spi.o(i.SPI_WaitOnFlagUntilTimeout) for SPI_WaitOnFlagUntilTimeout
    stm32f1xx_hal_spi.o(i.SPI_DMATransmitReceiveCplt) refers to stm32f1xx_hal_spi.o(i.HAL_SPI_ErrorCallback) for HAL_SPI_ErrorCallback
    stm32f1xx_hal_spi.o(i.SPI_DMATransmitReceiveCplt) refers to stm32f1xx_hal_spi.o(i.HAL_SPI_TxRxCpltCallback) for HAL_SPI_TxRxCpltCallback
    stm32f1xx_hal_spi.o(i.SPI_RxCloseIRQHandler) refers to stm32f1xx_hal_spi.o(i.SPI_WaitOnFlagUntilTimeout) for SPI_WaitOnFlagUntilTimeout
    stm32f1xx_hal_spi.o(i.SPI_RxCloseIRQHandler) refers to stm32f1xx_hal_spi_ex.o(i.SPI_ISCRCErrorValid) for SPI_ISCRCErrorValid
    stm32f1xx_hal_spi.o(i.SPI_RxCloseIRQHandler) refers to stm32f1xx_hal_spi.o(i.HAL_SPI_ErrorCallback) for HAL_SPI_ErrorCallback
    stm32f1xx_hal_spi.o(i.SPI_RxCloseIRQHandler) refers to stm32f1xx_hal_spi.o(i.HAL_SPI_RxCpltCallback) for HAL_SPI_RxCpltCallback
    stm32f1xx_hal_spi.o(i.SPI_RxCloseIRQHandler) refers to stm32f1xx_hal_spi.o(i.HAL_SPI_TxRxCpltCallback) for HAL_SPI_TxRxCpltCallback
    stm32f1xx_hal_spi.o(i.SPI_RxISR) refers to stm32f1xx_hal_spi.o(i.SPI_RxCloseIRQHandler) for SPI_RxCloseIRQHandler
    stm32f1xx_hal_spi.o(i.SPI_TxCloseIRQHandler) refers to stm32f1xx_hal_spi.o(i.SPI_WaitOnFlagUntilTimeout) for SPI_WaitOnFlagUntilTimeout
    stm32f1xx_hal_spi.o(i.SPI_TxCloseIRQHandler) refers to stm32f1xx_hal_spi.o(i.HAL_SPI_ErrorCallback) for HAL_SPI_ErrorCallback
    stm32f1xx_hal_spi.o(i.SPI_TxCloseIRQHandler) refers to stm32f1xx_hal_spi.o(i.HAL_SPI_TxCpltCallback) for HAL_SPI_TxCpltCallback
    stm32f1xx_hal_spi.o(i.SPI_TxCloseIRQHandler) refers to stm32f1xx_hal_spi.o(i.HAL_SPI_TxRxCpltCallback) for HAL_SPI_TxRxCpltCallback
    stm32f1xx_hal_spi.o(i.SPI_TxISR) refers to stm32f1xx_hal_spi.o(i.SPI_TxCloseIRQHandler) for SPI_TxCloseIRQHandler
    stm32f1xx_hal_spi.o(i.SPI_WaitOnFlagUntilTimeout) refers to stm32f1xx_hal.o(i.HAL_GetTick) for HAL_GetTick
    main.o(i.GetStatus) refers to stm32f1xx_hal_gpio.o(i.HAL_GPIO_WritePin) for HAL_GPIO_WritePin
    main.o(i.GetStatus) refers to stm32f1xx_hal_spi.o(i.HAL_SPI_Receive_DMA) for HAL_SPI_Receive_DMA
    main.o(i.GetStatus) refers to memcpya.o(.text) for __aeabi_memcpy4
    main.o(i.GetStatus) refers to stm32f1xx_hal_gpio.o(i.HAL_GPIO_TogglePin) for HAL_GPIO_TogglePin
    main.o(i.GetStatus) refers to main.o(.bss) for .bss
    main.o(i.GetStatus) refers to spi.o(.bss) for hspi1
    main.o(i.SetSpeed) refers to stm32f1xx_hal_gpio.o(i.HAL_GPIO_WritePin) for HAL_GPIO_WritePin
    main.o(i.SetSpeed) refers to stm32f1xx_hal_spi.o(i.HAL_SPI_Transmit_DMA) for HAL_SPI_Transmit_DMA
    main.o(i.SetSpeed) refers to main.o(.data) for .data
    main.o(i.SetSpeed) refers to spi.o(.bss) for hspi1
    main.o(i.SystemClock_Config) refers to stm32f1xx_hal_rcc.o(i.HAL_RCC_OscConfig) for HAL_RCC_OscConfig
    main.o(i.SystemClock_Config) refers to stm32f1xx_hal_rcc.o(i.HAL_RCC_ClockConfig) for HAL_RCC_ClockConfig
    main.o(i.SystemClock_Config) refers to stm32f1xx_hal_rcc.o(i.HAL_RCC_GetHCLKFreq) for HAL_RCC_GetHCLKFreq
    main.o(i.SystemClock_Config) refers to stm32f1xx_hal_cortex.o(i.HAL_SYSTICK_Config) for HAL_SYSTICK_Config
    main.o(i.SystemClock_Config) refers to stm32f1xx_hal_cortex.o(i.HAL_SYSTICK_CLKSourceConfig) for HAL_SYSTICK_CLKSourceConfig
    main.o(i.SystemClock_Config) refers to stm32f1xx_hal_cortex.o(i.HAL_NVIC_SetPriority) for HAL_NVIC_SetPriority
    main.o(i.main) refers to stm32f1xx_hal.o(i.HAL_Init) for HAL_Init
    main.o(i.main) refers to main.o(i.SystemClock_Config) for SystemClock_Config
    main.o(i.main) refers to gpio.o(i.MX_GPIO_Init) for MX_GPIO_Init
    main.o(i.main) refers to dma.o(i.MX_DMA_Init) for MX_DMA_Init
    main.o(i.main) refers to spi.o(i.MX_SPI1_Init) for MX_SPI1_Init
    main.o(i.main) refers to usart.o(i.MX_USART3_UART_Init) for MX_USART3_UART_Init
    main.o(i.main) refers to stm32f1xx_hal_gpio.o(i.HAL_GPIO_ReadPin) for HAL_GPIO_ReadPin
    main.o(i.main) refers to main.o(i.GetStatus) for GetStatus
    main.o(i.main) refers to stm32f1xx_hal_uart.o(i.HAL_UART_Transmit) for HAL_UART_Transmit
    main.o(i.main) refers to stm32f1xx_hal.o(i.HAL_Delay) for HAL_Delay
    main.o(i.main) refers to usart.o(.bss) for huart3
    spi.o(i.HAL_SPI_MspDeInit) refers to stm32f1xx_hal_gpio.o(i.HAL_GPIO_DeInit) for HAL_GPIO_DeInit
    spi.o(i.HAL_SPI_MspDeInit) refers to stm32f1xx_hal_dma.o(i.HAL_DMA_DeInit) for HAL_DMA_DeInit
    spi.o(i.HAL_SPI_MspInit) refers to stm32f1xx_hal_gpio.o(i.HAL_GPIO_Init) for HAL_GPIO_Init
    spi.o(i.HAL_SPI_MspInit) refers to stm32f1xx_hal_dma.o(i.HAL_DMA_Init) for HAL_DMA_Init
    spi.o(i.HAL_SPI_MspInit) refers to main.o(i.Error_Handler) for Error_Handler
    spi.o(i.HAL_SPI_MspInit) refers to spi.o(.bss) for .bss
    spi.o(i.MX_SPI1_Init) refers to stm32f1xx_hal_spi_ex.o(i.HAL_SPI_Init) for HAL_SPI_Init
    spi.o(i.MX_SPI1_Init) refers to main.o(i.Error_Handler) for Error_Handler
    spi.o(i.MX_SPI1_Init) refers to spi.o(.bss) for .bss
    stm32f1xx_it.o(i.DMA1_Channel2_IRQHandler) refers to stm32f1xx_hal_dma.o(i.HAL_DMA_IRQHandler) for HAL_DMA_IRQHandler
    stm32f1xx_it.o(i.DMA1_Channel2_IRQHandler) refers to spi.o(.bss) for hdma_spi1_rx
    stm32f1xx_it.o(i.DMA1_Channel3_IRQHandler) refers to stm32f1xx_hal_dma.o(i.HAL_DMA_IRQHandler) for HAL_DMA_IRQHandler
    stm32f1xx_it.o(i.DMA1_Channel3_IRQHandler) refers to spi.o(.bss) for hdma_spi1_tx
    stm32f1xx_it.o(i.SysTick_Handler) refers to stm32f1xx_hal.o(i.HAL_IncTick) for HAL_IncTick
    stm32f1xx_it.o(i.SysTick_Handler) refers to stm32f1xx_hal_cortex.o(i.HAL_SYSTICK_IRQHandler) for HAL_SYSTICK_IRQHandler
    stm32f1xx_hal_msp.o(i.HAL_MspInit) refers to stm32f1xx_hal_cortex.o(i.HAL_NVIC_SetPriorityGrouping) for HAL_NVIC_SetPriorityGrouping
    stm32f1xx_hal_msp.o(i.HAL_MspInit) refers to stm32f1xx_hal_cortex.o(i.HAL_NVIC_SetPriority) for HAL_NVIC_SetPriority
    usart.o(i.HAL_UART_MspDeInit) refers to stm32f1xx_hal_gpio.o(i.HAL_GPIO_DeInit) for HAL_GPIO_DeInit
    usart.o(i.HAL_UART_MspInit) refers to stm32f1xx_hal_gpio.o(i.HAL_GPIO_Init) for HAL_GPIO_Init
    usart.o(i.MX_USART3_UART_Init) refers to stm32f1xx_hal_uart.o(i.HAL_UART_Init) for HAL_UART_Init
    usart.o(i.MX_USART3_UART_Init) refers to main.o(i.Error_Handler) for Error_Handler
    usart.o(i.MX_USART3_UART_Init) refers to usart.o(.bss) for .bss
    gpio.o(i.MX_GPIO_Init) refers to stm32f1xx_hal_gpio.o(i.HAL_GPIO_WritePin) for HAL_GPIO_WritePin
    gpio.o(i.MX_GPIO_Init) refers to stm32f1xx_hal_gpio.o(i.HAL_GPIO_Init) for HAL_GPIO_Init
    dma.o(i.MX_DMA_Init) refers to stm32f1xx_hal_cortex.o(i.HAL_NVIC_SetPriority) for HAL_NVIC_SetPriority
    dma.o(i.MX_DMA_Init) refers to stm32f1xx_hal_cortex.o(i.HAL_NVIC_EnableIRQ) for HAL_NVIC_EnableIRQ
    startup_stm32f103xe.o(RESET) refers to startup_stm32f103xe.o(STACK) for __initial_sp
    startup_stm32f103xe.o(RESET) refers to startup_stm32f103xe.o(.text) for Reset_Handler
    startup_stm32f103xe.o(RESET) refers to stm32f1xx_it.o(i.NMI_Handler) for NMI_Handler
    startup_stm32f103xe.o(RESET) refers to stm32f1xx_it.o(i.HardFault_Handler) for HardFault_Handler
    startup_stm32f103xe.o(RESET) refers to stm32f1xx_it.o(i.MemManage_Handler) for MemManage_Handler
    startup_stm32f103xe.o(RESET) refers to stm32f1xx_it.o(i.BusFault_Handler) for BusFault_Handler
    startup_stm32f103xe.o(RESET) refers to stm32f1xx_it.o(i.UsageFault_Handler) for UsageFault_Handler
    startup_stm32f103xe.o(RESET) refers to stm32f1xx_it.o(i.SVC_Handler) for SVC_Handler
    startup_stm32f103xe.o(RESET) refers to stm32f1xx_it.o(i.DebugMon_Handler) for DebugMon_Handler
    startup_stm32f103xe.o(RESET) refers to stm32f1xx_it.o(i.PendSV_Handler) for PendSV_Handler
    startup_stm32f103xe.o(RESET) refers to stm32f1xx_it.o(i.SysTick_Handler) for SysTick_Handler
    startup_stm32f103xe.o(RESET) refers to stm32f1xx_it.o(i.DMA1_Channel2_IRQHandler) for DMA1_Channel2_IRQHandler
    startup_stm32f103xe.o(RESET) refers to stm32f1xx_it.o(i.DMA1_Channel3_IRQHandler) for DMA1_Channel3_IRQHandler
    startup_stm32f103xe.o(.text) refers to system_stm32f1xx.o(i.SystemInit) for SystemInit
    startup_stm32f103xe.o(.text) refers to entry.o(.ARM.Collect$$$$00000000) for __main
    system_stm32f1xx.o(i.SystemCoreClockUpdate) refers to system_stm32f1xx.o(.data) for .data
    system_stm32f1xx.o(i.SystemCoreClockUpdate) refers to system_stm32f1xx.o(.constdata) for .constdata
    entry.o(.ARM.Collect$$$$00000000) refers (Special) to entry10a.o(.ARM.Collect$$$$0000000D) for __rt_final_cpp
    entry.o(.ARM.Collect$$$$00000000) refers (Special) to entry11a.o(.ARM.Collect$$$$0000000F) for __rt_final_exit
    entry.o(.ARM.Collect$$$$00000000) refers (Special) to entry7b.o(.ARM.Collect$$$$00000008) for _main_clock
    entry.o(.ARM.Collect$$$$00000000) refers (Special) to entry8b.o(.ARM.Collect$$$$0000000A) for _main_cpp_init
    entry.o(.ARM.Collect$$$$00000000) refers (Special) to entry9a.o(.ARM.Collect$$$$0000000B) for _main_init
    entry.o(.ARM.Collect$$$$00000000) refers (Special) to entry5.o(.ARM.Collect$$$$00000004) for _main_scatterload
    entry.o(.ARM.Collect$$$$00000000) refers (Special) to entry2.o(.ARM.Collect$$$$00000001) for _main_stk
    entry2.o(.ARM.Collect$$$$00000001) refers to entry2.o(.ARM.Collect$$$$00002712) for __lit__00000000
    entry2.o(.ARM.Collect$$$$00002712) refers to startup_stm32f103xe.o(STACK) for __initial_sp
    entry2.o(__vectab_stack_and_reset_area) refers to startup_stm32f103xe.o(STACK) for __initial_sp
    entry2.o(__vectab_stack_and_reset_area) refers to entry.o(.ARM.Collect$$$$00000000) for __main
    entry5.o(.ARM.Collect$$$$00000004) refers to init.o(.text) for __scatterload
    entry9a.o(.ARM.Collect$$$$0000000B) refers to main.o(i.main) for main
    entry9b.o(.ARM.Collect$$$$0000000C) refers to main.o(i.main) for main
    init.o(.text) refers to entry5.o(.ARM.Collect$$$$00000004) for __main_after_scatterload


==============================================================================

Removing Unused input sections from the image.

    Removing stm32f1xx_hal_dma.o(.rev16_text), (4 bytes).
    Removing stm32f1xx_hal_dma.o(.revsh_text), (4 bytes).
    Removing stm32f1xx_hal_dma.o(.rrx_text), (6 bytes).
    Removing stm32f1xx_hal_dma.o(i.HAL_DMA_Abort), (86 bytes).
    Removing stm32f1xx_hal_dma.o(i.HAL_DMA_DeInit), (680 bytes).
    Removing stm32f1xx_hal_dma.o(i.HAL_DMA_GetError), (4 bytes).
    Removing stm32f1xx_hal_dma.o(i.HAL_DMA_GetState), (6 bytes).
    Removing stm32f1xx_hal_dma.o(i.HAL_DMA_PollForTransfer), (1148 bytes).
    Removing stm32f1xx_hal_dma.o(i.HAL_DMA_Start), (58 bytes).
    Removing stm32f1xx_hal_gpio_ex.o(.rev16_text), (4 bytes).
    Removing stm32f1xx_hal_gpio_ex.o(.revsh_text), (4 bytes).
    Removing stm32f1xx_hal_gpio_ex.o(.rrx_text), (6 bytes).
    Removing stm32f1xx_hal_gpio_ex.o(i.HAL_GPIOEx_ConfigEventout), (20 bytes).
    Removing stm32f1xx_hal_gpio_ex.o(i.HAL_GPIOEx_DisableEventout), (16 bytes).
    Removing stm32f1xx_hal_gpio_ex.o(i.HAL_GPIOEx_EnableEventout), (16 bytes).
    Removing stm32f1xx_hal_rcc.o(.rev16_text), (4 bytes).
    Removing stm32f1xx_hal_rcc.o(.revsh_text), (4 bytes).
    Removing stm32f1xx_hal_rcc.o(.rrx_text), (6 bytes).
    Removing stm32f1xx_hal_rcc.o(i.HAL_RCC_CSSCallback), (2 bytes).
    Removing stm32f1xx_hal_rcc.o(i.HAL_RCC_DeInit), (84 bytes).
    Removing stm32f1xx_hal_rcc.o(i.HAL_RCC_DisableCSS), (28 bytes).
    Removing stm32f1xx_hal_rcc.o(i.HAL_RCC_EnableCSS), (24 bytes).
    Removing stm32f1xx_hal_rcc.o(i.HAL_RCC_GetClockConfig), (64 bytes).
    Removing stm32f1xx_hal_rcc.o(i.HAL_RCC_GetOscConfig), (156 bytes).
    Removing stm32f1xx_hal_rcc.o(i.HAL_RCC_MCOConfig), (72 bytes).
    Removing stm32f1xx_hal_rcc.o(i.HAL_RCC_NMI_IRQHandler), (24 bytes).
    Removing stm32f1xx_hal_cortex.o(.rev16_text), (4 bytes).
    Removing stm32f1xx_hal_cortex.o(.revsh_text), (4 bytes).
    Removing stm32f1xx_hal_cortex.o(.rrx_text), (6 bytes).
    Removing stm32f1xx_hal_cortex.o(i.HAL_NVIC_ClearPendingIRQ), (22 bytes).
    Removing stm32f1xx_hal_cortex.o(i.HAL_NVIC_DisableIRQ), (22 bytes).
    Removing stm32f1xx_hal_cortex.o(i.HAL_NVIC_GetActive), (32 bytes).
    Removing stm32f1xx_hal_cortex.o(i.HAL_NVIC_GetPendingIRQ), (32 bytes).
    Removing stm32f1xx_hal_cortex.o(i.HAL_NVIC_GetPriority), (82 bytes).
    Removing stm32f1xx_hal_cortex.o(i.HAL_NVIC_GetPriorityGrouping), (16 bytes).
    Removing stm32f1xx_hal_cortex.o(i.HAL_NVIC_SetPendingIRQ), (22 bytes).
    Removing stm32f1xx_hal_cortex.o(i.HAL_NVIC_SystemReset), (36 bytes).
    Removing stm32f1xx_hal_rcc_ex.o(.rev16_text), (4 bytes).
    Removing stm32f1xx_hal_rcc_ex.o(.revsh_text), (4 bytes).
    Removing stm32f1xx_hal_rcc_ex.o(.rrx_text), (6 bytes).
    Removing stm32f1xx_hal_rcc_ex.o(i.HAL_RCCEx_GetPeriphCLKConfig), (52 bytes).
    Removing stm32f1xx_hal_rcc_ex.o(i.HAL_RCCEx_GetPeriphCLKFreq), (256 bytes).
    Removing stm32f1xx_hal_rcc_ex.o(i.HAL_RCCEx_PeriphCLKConfig), (300 bytes).
    Removing stm32f1xx_hal.o(.rev16_text), (4 bytes).
    Removing stm32f1xx_hal.o(.revsh_text), (4 bytes).
    Removing stm32f1xx_hal.o(.rrx_text), (6 bytes).
    Removing stm32f1xx_hal.o(i.HAL_DBGMCU_DisableDBGSleepMode), (16 bytes).
    Removing stm32f1xx_hal.o(i.HAL_DBGMCU_DisableDBGStandbyMode), (16 bytes).
    Removing stm32f1xx_hal.o(i.HAL_DBGMCU_DisableDBGStopMode), (16 bytes).
    Removing stm32f1xx_hal.o(i.HAL_DBGMCU_EnableDBGSleepMode), (16 bytes).
    Removing stm32f1xx_hal.o(i.HAL_DBGMCU_EnableDBGStandbyMode), (16 bytes).
    Removing stm32f1xx_hal.o(i.HAL_DBGMCU_EnableDBGStopMode), (16 bytes).
    Removing stm32f1xx_hal.o(i.HAL_DeInit), (32 bytes).
    Removing stm32f1xx_hal.o(i.HAL_GetDEVID), (16 bytes).
    Removing stm32f1xx_hal.o(i.HAL_GetHalVersion), (8 bytes).
    Removing stm32f1xx_hal.o(i.HAL_GetREVID), (28 bytes).
    Removing stm32f1xx_hal.o(i.HAL_MspDeInit), (2 bytes).
    Removing stm32f1xx_hal.o(i.HAL_MspInit), (2 bytes).
    Removing stm32f1xx_hal.o(i.HAL_ResumeTick), (14 bytes).
    Removing stm32f1xx_hal.o(i.HAL_SuspendTick), (14 bytes).
    Removing stm32f1xx_hal_uart.o(.rev16_text), (4 bytes).
    Removing stm32f1xx_hal_uart.o(.revsh_text), (4 bytes).
    Removing stm32f1xx_hal_uart.o(.rrx_text), (6 bytes).
    Removing stm32f1xx_hal_uart.o(i.HAL_HalfDuplex_EnableReceiver), (46 bytes).
    Removing stm32f1xx_hal_uart.o(i.HAL_HalfDuplex_EnableTransmitter), (48 bytes).
    Removing stm32f1xx_hal_uart.o(i.HAL_HalfDuplex_Init), (104 bytes).
    Removing stm32f1xx_hal_uart.o(i.HAL_LIN_Init), (118 bytes).
    Removing stm32f1xx_hal_uart.o(i.HAL_LIN_SendBreak), (44 bytes).
    Removing stm32f1xx_hal_uart.o(i.HAL_MultiProcessor_EnterMuteMode), (44 bytes).
    Removing stm32f1xx_hal_uart.o(i.HAL_MultiProcessor_ExitMuteMode), (44 bytes).
    Removing stm32f1xx_hal_uart.o(i.HAL_MultiProcessor_Init), (126 bytes).
    Removing stm32f1xx_hal_uart.o(i.HAL_UART_DMAPause), (90 bytes).
    Removing stm32f1xx_hal_uart.o(i.HAL_UART_DMAResume), (104 bytes).
    Removing stm32f1xx_hal_uart.o(i.HAL_UART_DMAStop), (40 bytes).
    Removing stm32f1xx_hal_uart.o(i.HAL_UART_DeInit), (60 bytes).
    Removing stm32f1xx_hal_uart.o(i.HAL_UART_ErrorCallback), (2 bytes).
    Removing stm32f1xx_hal_uart.o(i.HAL_UART_GetError), (4 bytes).
    Removing stm32f1xx_hal_uart.o(i.HAL_UART_GetState), (6 bytes).
    Removing stm32f1xx_hal_uart.o(i.HAL_UART_IRQHandler), (218 bytes).
    Removing stm32f1xx_hal_uart.o(i.HAL_UART_MspDeInit), (2 bytes).
    Removing stm32f1xx_hal_uart.o(i.HAL_UART_MspInit), (2 bytes).
    Removing stm32f1xx_hal_uart.o(i.HAL_UART_Receive), (204 bytes).
    Removing stm32f1xx_hal_uart.o(i.HAL_UART_Receive_DMA), (136 bytes).
    Removing stm32f1xx_hal_uart.o(i.HAL_UART_Receive_IT), (106 bytes).
    Removing stm32f1xx_hal_uart.o(i.HAL_UART_RxCpltCallback), (2 bytes).
    Removing stm32f1xx_hal_uart.o(i.HAL_UART_RxHalfCpltCallback), (2 bytes).
    Removing stm32f1xx_hal_uart.o(i.HAL_UART_Transmit_DMA), (144 bytes).
    Removing stm32f1xx_hal_uart.o(i.HAL_UART_Transmit_IT), (86 bytes).
    Removing stm32f1xx_hal_uart.o(i.HAL_UART_TxCpltCallback), (2 bytes).
    Removing stm32f1xx_hal_uart.o(i.HAL_UART_TxHalfCpltCallback), (2 bytes).
    Removing stm32f1xx_hal_uart.o(i.UART_DMAError), (30 bytes).
    Removing stm32f1xx_hal_uart.o(i.UART_DMAReceiveCplt), (54 bytes).
    Removing stm32f1xx_hal_uart.o(i.UART_DMARxHalfCplt), (10 bytes).
    Removing stm32f1xx_hal_uart.o(i.UART_DMATransmitCplt), (46 bytes).
    Removing stm32f1xx_hal_uart.o(i.UART_DMATxHalfCplt), (10 bytes).
    Removing stm32f1xx_hal_uart.o(i.UART_Receive_IT), (168 bytes).
    Removing stm32f1xx_hal_uart.o(i.UART_Transmit_IT), (102 bytes).
    Removing stm32f1xx_hal_gpio.o(.rev16_text), (4 bytes).
    Removing stm32f1xx_hal_gpio.o(.revsh_text), (4 bytes).
    Removing stm32f1xx_hal_gpio.o(.rrx_text), (6 bytes).
    Removing stm32f1xx_hal_gpio.o(i.HAL_GPIO_DeInit), (256 bytes).
    Removing stm32f1xx_hal_gpio.o(i.HAL_GPIO_EXTI_Callback), (2 bytes).
    Removing stm32f1xx_hal_gpio.o(i.HAL_GPIO_EXTI_IRQHandler), (24 bytes).
    Removing stm32f1xx_hal_gpio.o(i.HAL_GPIO_LockPin), (34 bytes).
    Removing stm32f1xx_hal_tim_ex.o(.rev16_text), (4 bytes).
    Removing stm32f1xx_hal_tim_ex.o(.revsh_text), (4 bytes).
    Removing stm32f1xx_hal_tim_ex.o(.rrx_text), (6 bytes).
    Removing stm32f1xx_hal_flash.o(.rev16_text), (4 bytes).
    Removing stm32f1xx_hal_flash.o(.revsh_text), (4 bytes).
    Removing stm32f1xx_hal_flash.o(.rrx_text), (6 bytes).
    Removing stm32f1xx_hal_flash.o(i.FLASH_Program_HalfWord), (28 bytes).
    Removing stm32f1xx_hal_flash.o(i.FLASH_SetErrorCode), (68 bytes).
    Removing stm32f1xx_hal_flash.o(i.FLASH_WaitForLastOperation), (84 bytes).
    Removing stm32f1xx_hal_flash.o(i.HAL_FLASH_EndOfOperationCallback), (2 bytes).
    Removing stm32f1xx_hal_flash.o(i.HAL_FLASH_GetError), (12 bytes).
    Removing stm32f1xx_hal_flash.o(i.HAL_FLASH_IRQHandler), (260 bytes).
    Removing stm32f1xx_hal_flash.o(i.HAL_FLASH_Lock), (20 bytes).
    Removing stm32f1xx_hal_flash.o(i.HAL_FLASH_OB_Launch), (10 bytes).
    Removing stm32f1xx_hal_flash.o(i.HAL_FLASH_OB_Lock), (20 bytes).
    Removing stm32f1xx_hal_flash.o(i.HAL_FLASH_OB_Unlock), (36 bytes).
    Removing stm32f1xx_hal_flash.o(i.HAL_FLASH_OperationErrorCallback), (2 bytes).
    Removing stm32f1xx_hal_flash.o(i.HAL_FLASH_Program), (128 bytes).
    Removing stm32f1xx_hal_flash.o(i.HAL_FLASH_Program_IT), (100 bytes).
    Removing stm32f1xx_hal_flash.o(i.HAL_FLASH_Unlock), (36 bytes).
    Removing stm32f1xx_hal_flash.o(.bss), (32 bytes).
    Removing stm32f1xx_hal_spi_ex.o(.rev16_text), (4 bytes).
    Removing stm32f1xx_hal_spi_ex.o(.revsh_text), (4 bytes).
    Removing stm32f1xx_hal_spi_ex.o(.rrx_text), (6 bytes).
    Removing stm32f1xx_hal_flash_ex.o(.rev16_text), (4 bytes).
    Removing stm32f1xx_hal_flash_ex.o(.revsh_text), (4 bytes).
    Removing stm32f1xx_hal_flash_ex.o(.rrx_text), (6 bytes).
    Removing stm32f1xx_hal_flash_ex.o(i.FLASH_MassErase), (36 bytes).
    Removing stm32f1xx_hal_flash_ex.o(i.FLASH_OB_DisableWRP), (176 bytes).
    Removing stm32f1xx_hal_flash_ex.o(i.FLASH_OB_EnableWRP), (176 bytes).
    Removing stm32f1xx_hal_flash_ex.o(i.FLASH_OB_GetRDP), (24 bytes).
    Removing stm32f1xx_hal_flash_ex.o(i.FLASH_OB_RDP_LevelConfig), (100 bytes).
    Removing stm32f1xx_hal_flash_ex.o(i.FLASH_PageErase), (36 bytes).
    Removing stm32f1xx_hal_flash_ex.o(i.HAL_FLASHEx_Erase), (168 bytes).
    Removing stm32f1xx_hal_flash_ex.o(i.HAL_FLASHEx_Erase_IT), (84 bytes).
    Removing stm32f1xx_hal_flash_ex.o(i.HAL_FLASHEx_OBErase), (84 bytes).
    Removing stm32f1xx_hal_flash_ex.o(i.HAL_FLASHEx_OBGetConfig), (48 bytes).
    Removing stm32f1xx_hal_flash_ex.o(i.HAL_FLASHEx_OBGetUserData), (48 bytes).
    Removing stm32f1xx_hal_flash_ex.o(i.HAL_FLASHEx_OBProgram), (200 bytes).
    Removing stm32f1xx_hal_pwr.o(.rev16_text), (4 bytes).
    Removing stm32f1xx_hal_pwr.o(.revsh_text), (4 bytes).
    Removing stm32f1xx_hal_pwr.o(.rrx_text), (6 bytes).
    Removing stm32f1xx_hal_pwr.o(i.HAL_PWR_ConfigPVD), (124 bytes).
    Removing stm32f1xx_hal_pwr.o(i.HAL_PWR_DeInit), (24 bytes).
    Removing stm32f1xx_hal_pwr.o(i.HAL_PWR_DisableBkUpAccess), (28 bytes).
    Removing stm32f1xx_hal_pwr.o(i.HAL_PWR_DisablePVD), (24 bytes).
    Removing stm32f1xx_hal_pwr.o(i.HAL_PWR_DisableSEVOnPend), (16 bytes).
    Removing stm32f1xx_hal_pwr.o(i.HAL_PWR_DisableSleepOnExit), (16 bytes).
    Removing stm32f1xx_hal_pwr.o(i.HAL_PWR_DisableWakeUpPin), (28 bytes).
    Removing stm32f1xx_hal_pwr.o(i.HAL_PWR_EnableBkUpAccess), (24 bytes).
    Removing stm32f1xx_hal_pwr.o(i.HAL_PWR_EnablePVD), (24 bytes).
    Removing stm32f1xx_hal_pwr.o(i.HAL_PWR_EnableSEVOnPend), (16 bytes).
    Removing stm32f1xx_hal_pwr.o(i.HAL_PWR_EnableSleepOnExit), (16 bytes).
    Removing stm32f1xx_hal_pwr.o(i.HAL_PWR_EnableWakeUpPin), (28 bytes).
    Removing stm32f1xx_hal_pwr.o(i.HAL_PWR_EnterSLEEPMode), (32 bytes).
    Removing stm32f1xx_hal_pwr.o(i.HAL_PWR_EnterSTANDBYMode), (32 bytes).
    Removing stm32f1xx_hal_pwr.o(i.HAL_PWR_EnterSTOPMode), (68 bytes).
    Removing stm32f1xx_hal_pwr.o(i.HAL_PWR_PVDCallback), (2 bytes).
    Removing stm32f1xx_hal_pwr.o(i.HAL_PWR_PVD_IRQHandler), (28 bytes).
    Removing stm32f1xx_hal_pwr.o(i.PWR_OverloadWfe), (6 bytes).
    Removing stm32f1xx_hal_tim.o(.rev16_text), (4 bytes).
    Removing stm32f1xx_hal_tim.o(.revsh_text), (4 bytes).
    Removing stm32f1xx_hal_tim.o(.rrx_text), (6 bytes).
    Removing stm32f1xx_hal_spi.o(.rev16_text), (4 bytes).
    Removing stm32f1xx_hal_spi.o(.revsh_text), (4 bytes).
    Removing stm32f1xx_hal_spi.o(.rrx_text), (6 bytes).
    Removing stm32f1xx_hal_spi.o(i.HAL_SPI_DMAPause), (48 bytes).
    Removing stm32f1xx_hal_spi.o(i.HAL_SPI_DMAResume), (48 bytes).
    Removing stm32f1xx_hal_spi.o(i.HAL_SPI_DMAStop), (50 bytes).
    Removing stm32f1xx_hal_spi.o(i.HAL_SPI_DeInit), (46 bytes).
    Removing stm32f1xx_hal_spi.o(i.HAL_SPI_GetError), (4 bytes).
    Removing stm32f1xx_hal_spi.o(i.HAL_SPI_GetState), (6 bytes).
    Removing stm32f1xx_hal_spi.o(i.HAL_SPI_IRQHandler), (176 bytes).
    Removing stm32f1xx_hal_spi.o(i.HAL_SPI_Init), (122 bytes).
    Removing stm32f1xx_hal_spi.o(i.HAL_SPI_MspDeInit), (2 bytes).
    Removing stm32f1xx_hal_spi.o(i.HAL_SPI_MspInit), (2 bytes).
    Removing stm32f1xx_hal_spi.o(i.HAL_SPI_Receive), (492 bytes).
    Removing stm32f1xx_hal_spi.o(i.HAL_SPI_Receive_IT), (180 bytes).
    Removing stm32f1xx_hal_spi.o(i.HAL_SPI_Transmit), (326 bytes).
    Removing stm32f1xx_hal_spi.o(i.HAL_SPI_TransmitReceive), (690 bytes).
    Removing stm32f1xx_hal_spi.o(i.HAL_SPI_TransmitReceive_IT), (172 bytes).
    Removing stm32f1xx_hal_spi.o(i.HAL_SPI_Transmit_DMA), (192 bytes).
    Removing stm32f1xx_hal_spi.o(i.HAL_SPI_Transmit_IT), (164 bytes).
    Removing stm32f1xx_hal_spi.o(i.HAL_SPI_TxCpltCallback), (2 bytes).
    Removing stm32f1xx_hal_spi.o(i.HAL_SPI_TxHalfCpltCallback), (2 bytes).
    Removing stm32f1xx_hal_spi.o(i.SPI_2LinesRxISR), (44 bytes).
    Removing stm32f1xx_hal_spi.o(i.SPI_DMAHalfTransmitCplt), (10 bytes).
    Removing stm32f1xx_hal_spi.o(i.SPI_DMATransmitCplt), (108 bytes).
    Removing stm32f1xx_hal_spi.o(i.SPI_ISCRCErrorValid), (4 bytes).
    Removing stm32f1xx_hal_spi.o(i.SPI_RxCloseIRQHandler), (246 bytes).
    Removing stm32f1xx_hal_spi.o(i.SPI_RxISR), (70 bytes).
    Removing stm32f1xx_hal_spi.o(i.SPI_TxCloseIRQHandler), (130 bytes).
    Removing stm32f1xx_hal_spi.o(i.SPI_TxISR), (66 bytes).
    Removing main.o(.rev16_text), (4 bytes).
    Removing main.o(.revsh_text), (4 bytes).
    Removing main.o(.rrx_text), (6 bytes).
    Removing main.o(i.HAL_SPI_RxCpltCallBack), (8 bytes).
    Removing main.o(i.HAL_SPI_TxCpltCallBack), (8 bytes).
    Removing main.o(i.SetSpeed), (64 bytes).
    Removing main.o(.data), (4 bytes).
    Removing spi.o(.rev16_text), (4 bytes).
    Removing spi.o(.revsh_text), (4 bytes).
    Removing spi.o(.rrx_text), (6 bytes).
    Removing spi.o(i.HAL_SPI_MspDeInit), (60 bytes).
    Removing stm32f1xx_it.o(.rev16_text), (4 bytes).
    Removing stm32f1xx_it.o(.revsh_text), (4 bytes).
    Removing stm32f1xx_it.o(.rrx_text), (6 bytes).
    Removing stm32f1xx_hal_msp.o(.rev16_text), (4 bytes).
    Removing stm32f1xx_hal_msp.o(.revsh_text), (4 bytes).
    Removing stm32f1xx_hal_msp.o(.rrx_text), (6 bytes).
    Removing usart.o(.rev16_text), (4 bytes).
    Removing usart.o(.revsh_text), (4 bytes).
    Removing usart.o(.rrx_text), (6 bytes).
    Removing usart.o(i.HAL_UART_MspDeInit), (44 bytes).
    Removing gpio.o(.rev16_text), (4 bytes).
    Removing gpio.o(.revsh_text), (4 bytes).
    Removing gpio.o(.rrx_text), (6 bytes).
    Removing dma.o(.rev16_text), (4 bytes).
    Removing dma.o(.revsh_text), (4 bytes).
    Removing dma.o(.rrx_text), (6 bytes).
    Removing startup_stm32f103xe.o(HEAP), (512 bytes).
    Removing system_stm32f1xx.o(.rev16_text), (4 bytes).
    Removing system_stm32f1xx.o(.revsh_text), (4 bytes).
    Removing system_stm32f1xx.o(.rrx_text), (6 bytes).
    Removing system_stm32f1xx.o(i.SystemCoreClockUpdate), (104 bytes).

229 unused section(s) (total 13176 bytes) removed from the image.

==============================================================================

Image Symbol Table

    Local Symbols

    Symbol Name                              Value     Ov Type        Size  Object(Section)

    ../Drivers/CMSIS//Device/ST/STM32F1xx/Source/Templates/system_stm32f1xx.c 0x00000000   Number         0  system_stm32f1xx.o ABSOLUTE
    ../Drivers/STM32F1xx_HAL_Driver/Src/stm32f1xx_hal.c 0x00000000   Number         0  stm32f1xx_hal.o ABSOLUTE
    ../Drivers/STM32F1xx_HAL_Driver/Src/stm32f1xx_hal_cortex.c 0x00000000   Number         0  stm32f1xx_hal_cortex.o ABSOLUTE
    ../Drivers/STM32F1xx_HAL_Driver/Src/stm32f1xx_hal_dma.c 0x00000000   Number         0  stm32f1xx_hal_dma.o ABSOLUTE
    ../Drivers/STM32F1xx_HAL_Driver/Src/stm32f1xx_hal_flash.c 0x00000000   Number         0  stm32f1xx_hal_flash.o ABSOLUTE
    ../Drivers/STM32F1xx_HAL_Driver/Src/stm32f1xx_hal_flash_ex.c 0x00000000   Number         0  stm32f1xx_hal_flash_ex.o ABSOLUTE
    ../Drivers/STM32F1xx_HAL_Driver/Src/stm32f1xx_hal_gpio.c 0x00000000   Number         0  stm32f1xx_hal_gpio.o ABSOLUTE
    ../Drivers/STM32F1xx_HAL_Driver/Src/stm32f1xx_hal_gpio_ex.c 0x00000000   Number         0  stm32f1xx_hal_gpio_ex.o ABSOLUTE
    ../Drivers/STM32F1xx_HAL_Driver/Src/stm32f1xx_hal_pwr.c 0x00000000   Number         0  stm32f1xx_hal_pwr.o ABSOLUTE
    ../Drivers/STM32F1xx_HAL_Driver/Src/stm32f1xx_hal_rcc.c 0x00000000   Number         0  stm32f1xx_hal_rcc.o ABSOLUTE
    ../Drivers/STM32F1xx_HAL_Driver/Src/stm32f1xx_hal_rcc_ex.c 0x00000000   Number         0  stm32f1xx_hal_rcc_ex.o ABSOLUTE
    ../Drivers/STM32F1xx_HAL_Driver/Src/stm32f1xx_hal_spi.c 0x00000000   Number         0  stm32f1xx_hal_spi.o ABSOLUTE
    ../Drivers/STM32F1xx_HAL_Driver/Src/stm32f1xx_hal_spi_ex.c 0x00000000   Number         0  stm32f1xx_hal_spi_ex.o ABSOLUTE
    ../Drivers/STM32F1xx_HAL_Driver/Src/stm32f1xx_hal_tim.c 0x00000000   Number         0  stm32f1xx_hal_tim.o ABSOLUTE
    ../Drivers/STM32F1xx_HAL_Driver/Src/stm32f1xx_hal_tim_ex.c 0x00000000   Number         0  stm32f1xx_hal_tim_ex.o ABSOLUTE
    ../Drivers/STM32F1xx_HAL_Driver/Src/stm32f1xx_hal_uart.c 0x00000000   Number         0  stm32f1xx_hal_uart.o ABSOLUTE
    ../Src/dma.c                             0x00000000   Number         0  dma.o ABSOLUTE
    ../Src/gpio.c                            0x00000000   Number         0  gpio.o ABSOLUTE
    ../Src/main.c                            0x00000000   Number         0  main.o ABSOLUTE
    ../Src/spi.c                             0x00000000   Number         0  spi.o ABSOLUTE
    ../Src/stm32f1xx_hal_msp.c               0x00000000   Number         0  stm32f1xx_hal_msp.o ABSOLUTE
    ../Src/stm32f1xx_it.c                    0x00000000   Number         0  stm32f1xx_it.o ABSOLUTE
    ../Src/usart.c                           0x00000000   Number         0  usart.o ABSOLUTE
    ../clib/microlib/init/entry.s            0x00000000   Number         0  entry2.o ABSOLUTE
    ../clib/microlib/init/entry.s            0x00000000   Number         0  entry.o ABSOLUTE
    ../clib/microlib/init/entry.s            0x00000000   Number         0  entry11b.o ABSOLUTE
    ../clib/microlib/init/entry.s            0x00000000   Number         0  entry9a.o ABSOLUTE
    ../clib/microlib/init/entry.s            0x00000000   Number         0  entry11a.o ABSOLUTE
    ../clib/microlib/init/entry.s            0x00000000   Number         0  entry10b.o ABSOLUTE
    ../clib/microlib/init/entry.s            0x00000000   Number         0  entry10a.o ABSOLUTE
    ../clib/microlib/init/entry.s            0x00000000   Number         0  entry9b.o ABSOLUTE
    ../clib/microlib/init/entry.s            0x00000000   Number         0  entry8b.o ABSOLUTE
    ../clib/microlib/init/entry.s            0x00000000   Number         0  entry8a.o ABSOLUTE
    ../clib/microlib/init/entry.s            0x00000000   Number         0  entry7b.o ABSOLUTE
    ../clib/microlib/init/entry.s            0x00000000   Number         0  entry5.o ABSOLUTE
    ../clib/microlib/init/entry.s            0x00000000   Number         0  entry7a.o ABSOLUTE
    ../clib/microlib/longlong.c              0x00000000   Number         0  llushr.o ABSOLUTE
    ../clib/microlib/string/memcpy.c         0x00000000   Number         0  memcpyb.o ABSOLUTE
    ../clib/microlib/string/memcpy.c         0x00000000   Number         0  memcpya.o ABSOLUTE
    ..\Drivers\CMSIS\\Device\ST\STM32F1xx\Source\Templates\system_stm32f1xx.c 0x00000000   Number         0  system_stm32f1xx.o ABSOLUTE
    ..\Drivers\STM32F1xx_HAL_Driver\Src\stm32f1xx_hal.c 0x00000000   Number         0  stm32f1xx_hal.o ABSOLUTE
    ..\Drivers\STM32F1xx_HAL_Driver\Src\stm32f1xx_hal_cortex.c 0x00000000   Number         0  stm32f1xx_hal_cortex.o ABSOLUTE
    ..\Drivers\STM32F1xx_HAL_Driver\Src\stm32f1xx_hal_dma.c 0x00000000   Number         0  stm32f1xx_hal_dma.o ABSOLUTE
    ..\Drivers\STM32F1xx_HAL_Driver\Src\stm32f1xx_hal_flash.c 0x00000000   Number         0  stm32f1xx_hal_flash.o ABSOLUTE
    ..\Drivers\STM32F1xx_HAL_Driver\Src\stm32f1xx_hal_flash_ex.c 0x00000000   Number         0  stm32f1xx_hal_flash_ex.o ABSOLUTE
    ..\Drivers\STM32F1xx_HAL_Driver\Src\stm32f1xx_hal_gpio.c 0x00000000   Number         0  stm32f1xx_hal_gpio.o ABSOLUTE
    ..\Drivers\STM32F1xx_HAL_Driver\Src\stm32f1xx_hal_gpio_ex.c 0x00000000   Number         0  stm32f1xx_hal_gpio_ex.o ABSOLUTE
    ..\Drivers\STM32F1xx_HAL_Driver\Src\stm32f1xx_hal_pwr.c 0x00000000   Number         0  stm32f1xx_hal_pwr.o ABSOLUTE
    ..\Drivers\STM32F1xx_HAL_Driver\Src\stm32f1xx_hal_rcc.c 0x00000000   Number         0  stm32f1xx_hal_rcc.o ABSOLUTE
    ..\Drivers\STM32F1xx_HAL_Driver\Src\stm32f1xx_hal_rcc_ex.c 0x00000000   Number         0  stm32f1xx_hal_rcc_ex.o ABSOLUTE
    ..\Drivers\STM32F1xx_HAL_Driver\Src\stm32f1xx_hal_spi.c 0x00000000   Number         0  stm32f1xx_hal_spi.o ABSOLUTE
    ..\Drivers\STM32F1xx_HAL_Driver\Src\stm32f1xx_hal_spi_ex.c 0x00000000   Number         0  stm32f1xx_hal_spi_ex.o ABSOLUTE
    ..\Drivers\STM32F1xx_HAL_Driver\Src\stm32f1xx_hal_tim.c 0x00000000   Number         0  stm32f1xx_hal_tim.o ABSOLUTE
    ..\Drivers\STM32F1xx_HAL_Driver\Src\stm32f1xx_hal_tim_ex.c 0x00000000   Number         0  stm32f1xx_hal_tim_ex.o ABSOLUTE
    ..\Drivers\STM32F1xx_HAL_Driver\Src\stm32f1xx_hal_uart.c 0x00000000   Number         0  stm32f1xx_hal_uart.o ABSOLUTE
    ..\Src\dma.c                             0x00000000   Number         0  dma.o ABSOLUTE
    ..\Src\gpio.c                            0x00000000   Number         0  gpio.o ABSOLUTE
    ..\Src\main.c                            0x00000000   Number         0  main.o ABSOLUTE
    ..\Src\spi.c                             0x00000000   Number         0  spi.o ABSOLUTE
    ..\Src\stm32f1xx_hal_msp.c               0x00000000   Number         0  stm32f1xx_hal_msp.o ABSOLUTE
    ..\Src\stm32f1xx_it.c                    0x00000000   Number         0  stm32f1xx_it.o ABSOLUTE
    ..\Src\usart.c                           0x00000000   Number         0  usart.o ABSOLUTE
    dc.s                                     0x00000000   Number         0  dc.o ABSOLUTE
    handlers.s                               0x00000000   Number         0  handlers.o ABSOLUTE
    init.s                                   0x00000000   Number         0  init.o ABSOLUTE
    startup_stm32f103xe.s                    0x00000000   Number         0  startup_stm32f103xe.o ABSOLUTE
    RESET                                    0x08000000   Section      304  startup_stm32f103xe.o(RESET)
    .ARM.Collect$$$$00000000                 0x08000130   Section        0  entry.o(.ARM.Collect$$$$00000000)
    .ARM.Collect$$$$00000001                 0x08000130   Section        4  entry2.o(.ARM.Collect$$$$00000001)
    .ARM.Collect$$$$00000004                 0x08000134   Section        4  entry5.o(.ARM.Collect$$$$00000004)
    .ARM.Collect$$$$00000008                 0x08000138   Section        0  entry7b.o(.ARM.Collect$$$$00000008)
    .ARM.Collect$$$$0000000A                 0x08000138   Section        0  entry8b.o(.ARM.Collect$$$$0000000A)
    .ARM.Collect$$$$0000000B                 0x08000138   Section        8  entry9a.o(.ARM.Collect$$$$0000000B)
    .ARM.Collect$$$$0000000D                 0x08000140   Section        0  entry10a.o(.ARM.Collect$$$$0000000D)
    .ARM.Collect$$$$0000000F                 0x08000140   Section        0  entry11a.o(.ARM.Collect$$$$0000000F)
    .ARM.Collect$$$$00002712                 0x08000140   Section        4  entry2.o(.ARM.Collect$$$$00002712)
    __lit__00000000                          0x08000140   Data           4  entry2.o(.ARM.Collect$$$$00002712)
    .text                                    0x08000144   Section       36  startup_stm32f103xe.o(.text)
    .text                                    0x08000168   Section        0  memcpya.o(.text)
    .text                                    0x0800018c   Section       36  init.o(.text)
    i.BusFault_Handler                       0x080001b0   Section        0  stm32f1xx_it.o(i.BusFault_Handler)
    i.DMA1_Channel2_IRQHandler               0x080001b4   Section        0  stm32f1xx_it.o(i.DMA1_Channel2_IRQHandler)
    i.DMA1_Channel3_IRQHandler               0x080001c0   Section        0  stm32f1xx_it.o(i.DMA1_Channel3_IRQHandler)
    i.DMA_SetConfig                          0x080001cc   Section        0  stm32f1xx_hal_dma.o(i.DMA_SetConfig)
    DMA_SetConfig                            0x080001cd   Thumb Code    30  stm32f1xx_hal_dma.o(i.DMA_SetConfig)
    i.DebugMon_Handler                       0x080001ea   Section        0  stm32f1xx_it.o(i.DebugMon_Handler)
    i.Error_Handler                          0x080001ec   Section        0  main.o(i.Error_Handler)
    i.GetStatus                              0x080001f0   Section        0  main.o(i.GetStatus)
    i.HAL_DMA_IRQHandler                     0x08000298   Section        0  stm32f1xx_hal_dma.o(i.HAL_DMA_IRQHandler)
    i.HAL_DMA_Init                           0x08000750   Section        0  stm32f1xx_hal_dma.o(i.HAL_DMA_Init)
    i.HAL_DMA_Start_IT                       0x080007a0   Section        0  stm32f1xx_hal_dma.o(i.HAL_DMA_Start_IT)
    i.HAL_Delay                              0x080007f8   Section        0  stm32f1xx_hal.o(i.HAL_Delay)
    i.HAL_GPIO_Init                          0x08000810   Section        0  stm32f1xx_hal_gpio.o(i.HAL_GPIO_Init)
    i.HAL_GPIO_ReadPin                       0x080009f8   Section        0  stm32f1xx_hal_gpio.o(i.HAL_GPIO_ReadPin)
    i.HAL_GPIO_TogglePin                     0x08000a02   Section        0  stm32f1xx_hal_gpio.o(i.HAL_GPIO_TogglePin)
    i.HAL_GPIO_WritePin                      0x08000a0a   Section        0  stm32f1xx_hal_gpio.o(i.HAL_GPIO_WritePin)
    i.HAL_GetTick                            0x08000a14   Section        0  stm32f1xx_hal.o(i.HAL_GetTick)
    i.HAL_IncTick                            0x08000a20   Section        0  stm32f1xx_hal.o(i.HAL_IncTick)
    i.HAL_Init                               0x08000a30   Section        0  stm32f1xx_hal.o(i.HAL_Init)
    i.HAL_InitTick                           0x08000a54   Section        0  stm32f1xx_hal.o(i.HAL_InitTick)
    i.HAL_MspInit                            0x08000a78   Section        0  stm32f1xx_hal_msp.o(i.HAL_MspInit)
    i.HAL_NVIC_EnableIRQ                     0x08000af8   Section        0  stm32f1xx_hal_cortex.o(i.HAL_NVIC_EnableIRQ)
    i.HAL_NVIC_SetPriority                   0x08000b10   Section        0  stm32f1xx_hal_cortex.o(i.HAL_NVIC_SetPriority)
    i.HAL_NVIC_SetPriorityGrouping           0x08000b50   Section        0  stm32f1xx_hal_cortex.o(i.HAL_NVIC_SetPriorityGrouping)
    i.HAL_RCC_ClockConfig                    0x08000b74   Section        0  stm32f1xx_hal_rcc.o(i.HAL_RCC_ClockConfig)
    i.HAL_RCC_GetHCLKFreq                    0x08000cfc   Section        0  stm32f1xx_hal_rcc.o(i.HAL_RCC_GetHCLKFreq)
    i.HAL_RCC_GetPCLK1Freq                   0x08000d08   Section        0  stm32f1xx_hal_rcc.o(i.HAL_RCC_GetPCLK1Freq)
    i.HAL_RCC_GetPCLK2Freq                   0x08000d38   Section        0  stm32f1xx_hal_rcc.o(i.HAL_RCC_GetPCLK2Freq)
    i.HAL_RCC_GetSysClockFreq                0x08000d68   Section        0  stm32f1xx_hal_rcc.o(i.HAL_RCC_GetSysClockFreq)
    i.HAL_RCC_OscConfig                      0x08000df0   Section        0  stm32f1xx_hal_rcc.o(i.HAL_RCC_OscConfig)
    i.HAL_SPI_ErrorCallback                  0x0800136e   Section        0  stm32f1xx_hal_spi.o(i.HAL_SPI_ErrorCallback)
    i.HAL_SPI_Init                           0x08001370   Section        0  stm32f1xx_hal_spi_ex.o(i.HAL_SPI_Init)
    i.HAL_SPI_MspInit                        0x080013f8   Section        0  spi.o(i.HAL_SPI_MspInit)
    i.HAL_SPI_Receive_DMA                    0x080014a8   Section        0  stm32f1xx_hal_spi.o(i.HAL_SPI_Receive_DMA)
    i.HAL_SPI_RxCpltCallback                 0x08001588   Section        0  stm32f1xx_hal_spi.o(i.HAL_SPI_RxCpltCallback)
    i.HAL_SPI_RxHalfCpltCallback             0x0800158a   Section        0  stm32f1xx_hal_spi.o(i.HAL_SPI_RxHalfCpltCallback)
    i.HAL_SPI_TransmitReceive_DMA            0x0800158c   Section        0  stm32f1xx_hal_spi.o(i.HAL_SPI_TransmitReceive_DMA)
    i.HAL_SPI_TxRxCpltCallback               0x0800169c   Section        0  stm32f1xx_hal_spi.o(i.HAL_SPI_TxRxCpltCallback)
    i.HAL_SPI_TxRxHalfCpltCallback           0x0800169e   Section        0  stm32f1xx_hal_spi.o(i.HAL_SPI_TxRxHalfCpltCallback)
    i.HAL_SYSTICK_CLKSourceConfig            0x080016a0   Section        0  stm32f1xx_hal_cortex.o(i.HAL_SYSTICK_CLKSourceConfig)
    i.HAL_SYSTICK_Callback                   0x080016b8   Section        0  stm32f1xx_hal_cortex.o(i.HAL_SYSTICK_Callback)
    i.HAL_SYSTICK_Config                     0x080016ba   Section        0  stm32f1xx_hal_cortex.o(i.HAL_SYSTICK_Config)
    i.HAL_SYSTICK_IRQHandler                 0x080016e2   Section        0  stm32f1xx_hal_cortex.o(i.HAL_SYSTICK_IRQHandler)
    i.HAL_UART_Init                          0x080016ea   Section        0  stm32f1xx_hal_uart.o(i.HAL_UART_Init)
    i.HAL_UART_MspInit                       0x08001748   Section        0  usart.o(i.HAL_UART_MspInit)
    i.HAL_UART_Transmit                      0x080017b4   Section        0  stm32f1xx_hal_uart.o(i.HAL_UART_Transmit)
    i.HardFault_Handler                      0x08001880   Section        0  stm32f1xx_it.o(i.HardFault_Handler)
    i.MX_DMA_Init                            0x08001884   Section        0  dma.o(i.MX_DMA_Init)
    i.MX_GPIO_Init                           0x080018c0   Section        0  gpio.o(i.MX_GPIO_Init)
    i.MX_SPI1_Init                           0x08001970   Section        0  spi.o(i.MX_SPI1_Init)
    i.MX_USART3_UART_Init                    0x080019b0   Section        0  usart.o(i.MX_USART3_UART_Init)
    i.MemManage_Handler                      0x080019e8   Section        0  stm32f1xx_it.o(i.MemManage_Handler)
    i.NMI_Handler                            0x080019ea   Section        0  stm32f1xx_it.o(i.NMI_Handler)
    i.NVIC_SetPriority                       0x080019ec   Section        0  stm32f1xx_hal_cortex.o(i.NVIC_SetPriority)
    NVIC_SetPriority                         0x080019ed   Thumb Code    32  stm32f1xx_hal_cortex.o(i.NVIC_SetPriority)
    i.PendSV_Handler                         0x08001a0c   Section        0  stm32f1xx_it.o(i.PendSV_Handler)
    i.SPI_DMAError                           0x08001a0e   Section        0  stm32f1xx_hal_spi.o(i.SPI_DMAError)
    SPI_DMAError                             0x08001a0f   Thumb Code    30  stm32f1xx_hal_spi.o(i.SPI_DMAError)
    i.SPI_DMAHalfReceiveCplt                 0x08001a2c   Section        0  stm32f1xx_hal_spi.o(i.SPI_DMAHalfReceiveCplt)
    SPI_DMAHalfReceiveCplt                   0x08001a2d   Thumb Code    10  stm32f1xx_hal_spi.o(i.SPI_DMAHalfReceiveCplt)
    i.SPI_DMAHalfTransmitReceiveCplt         0x08001a36   Section        0  stm32f1xx_hal_spi.o(i.SPI_DMAHalfTransmitReceiveCplt)
    SPI_DMAHalfTransmitReceiveCplt           0x08001a37   Thumb Code    10  stm32f1xx_hal_spi.o(i.SPI_DMAHalfTransmitReceiveCplt)
    i.SPI_DMAReceiveCplt                     0x08001a40   Section        0  stm32f1xx_hal_spi.o(i.SPI_DMAReceiveCplt)
    SPI_DMAReceiveCplt                       0x08001a41   Thumb Code   218  stm32f1xx_hal_spi.o(i.SPI_DMAReceiveCplt)
    i.SPI_DMATransmitReceiveCplt             0x08001b1a   Section        0  stm32f1xx_hal_spi.o(i.SPI_DMATransmitReceiveCplt)
    SPI_DMATransmitReceiveCplt               0x08001b1b   Thumb Code   190  stm32f1xx_hal_spi.o(i.SPI_DMATransmitReceiveCplt)
    i.SPI_ISCRCErrorValid                    0x08001bd8   Section        0  stm32f1xx_hal_spi_ex.o(i.SPI_ISCRCErrorValid)
    i.SPI_WaitOnFlagUntilTimeout             0x08001bf8   Section        0  stm32f1xx_hal_spi.o(i.SPI_WaitOnFlagUntilTimeout)
    SPI_WaitOnFlagUntilTimeout               0x08001bf9   Thumb Code   158  stm32f1xx_hal_spi.o(i.SPI_WaitOnFlagUntilTimeout)
    i.SVC_Handler                            0x08001c96   Section        0  stm32f1xx_it.o(i.SVC_Handler)
    i.SysTick_Handler                        0x08001c98   Section        0  stm32f1xx_it.o(i.SysTick_Handler)
    i.SystemClock_Config                     0x08001ca6   Section        0  main.o(i.SystemClock_Config)
    i.SystemInit                             0x08001d00   Section        0  system_stm32f1xx.o(i.SystemInit)
    i.UART_SetConfig                         0x08001d48   Section        0  stm32f1xx_hal_uart.o(i.UART_SetConfig)
    UART_SetConfig                           0x08001d49   Thumb Code   364  stm32f1xx_hal_uart.o(i.UART_SetConfig)
    i.UART_WaitOnFlagUntilTimeout            0x08001eb8   Section        0  stm32f1xx_hal_uart.o(i.UART_WaitOnFlagUntilTimeout)
    UART_WaitOnFlagUntilTimeout              0x08001eb9   Thumb Code   146  stm32f1xx_hal_uart.o(i.UART_WaitOnFlagUntilTimeout)
    i.UsageFault_Handler                     0x08001f4a   Section        0  stm32f1xx_it.o(i.UsageFault_Handler)
    i.__scatterload_copy                     0x08001f4c   Section       14  handlers.o(i.__scatterload_copy)
    i.__scatterload_null                     0x08001f5a   Section        2  handlers.o(i.__scatterload_null)
    i.__scatterload_zeroinit                 0x08001f5c   Section       14  handlers.o(i.__scatterload_zeroinit)
    i.main                                   0x08001f6c   Section        0  main.o(i.main)
    .constdata                               0x08002064   Section       16  system_stm32f1xx.o(.constdata)
    .constdata                               0x08002074   Section        8  system_stm32f1xx.o(.constdata)
    .data                                    0x20000000   Section        4  stm32f1xx_hal.o(.data)
    uwTick                                   0x20000000   Data           4  stm32f1xx_hal.o(.data)
    .data                                    0x20000004   Section        1  stm32f1xx_hal_spi_ex.o(.data)
    .data                                    0x20000008   Section        4  system_stm32f1xx.o(.data)
    .bss                                     0x2000000c   Section       17  main.o(.bss)
    .bss                                     0x20000020   Section      200  spi.o(.bss)
    .bss                                     0x200000e8   Section       64  usart.o(.bss)
    STACK                                    0x20000128   Section     1024  startup_stm32f103xe.o(STACK)

    Global Symbols

    Symbol Name                              Value     Ov Type        Size  Object(Section)

    BuildAttributes$$THM_ISAv4$P$D$K$B$S$PE$A:L22UL41UL21$X:L11$S22US41US21$IEEE1$IW$USESV6$~STKCKD$USESV7$~SHL$OSPACE$EBA8$MICROLIB$REQ8$PRES8$EABIv2 0x00000000   Number         0  anon$$obj.o ABSOLUTE
    __ARM_use_no_argv                        0x00000000   Number         0  main.o ABSOLUTE
    __cpp_initialize__aeabi_                  - Undefined Weak Reference
    __cxa_finalize                            - Undefined Weak Reference
    __decompress                              - Undefined Weak Reference
    _clock_init                               - Undefined Weak Reference
    _microlib_exit                            - Undefined Weak Reference
    __Vectors_Size                           0x00000130   Number         0  startup_stm32f103xe.o ABSOLUTE
    __Vectors                                0x08000000   Data           4  startup_stm32f103xe.o(RESET)
    __Vectors_End                            0x08000130   Data           0  startup_stm32f103xe.o(RESET)
    __main                                   0x08000131   Thumb Code     0  entry.o(.ARM.Collect$$$$00000000)
    _main_stk                                0x08000131   Thumb Code     0  entry2.o(.ARM.Collect$$$$00000001)
    _main_scatterload                        0x08000135   Thumb Code     0  entry5.o(.ARM.Collect$$$$00000004)
    __main_after_scatterload                 0x08000139   Thumb Code     0  entry5.o(.ARM.Collect$$$$00000004)
    _main_clock                              0x08000139   Thumb Code     0  entry7b.o(.ARM.Collect$$$$00000008)
    _main_cpp_init                           0x08000139   Thumb Code     0  entry8b.o(.ARM.Collect$$$$0000000A)
    _main_init                               0x08000139   Thumb Code     0  entry9a.o(.ARM.Collect$$$$0000000B)
    __rt_final_cpp                           0x08000141   Thumb Code     0  entry10a.o(.ARM.Collect$$$$0000000D)
    __rt_final_exit                          0x08000141   Thumb Code     0  entry11a.o(.ARM.Collect$$$$0000000F)
    Reset_Handler                            0x08000145   Thumb Code     8  startup_stm32f103xe.o(.text)
    ADC1_2_IRQHandler                        0x0800015f   Thumb Code     0  startup_stm32f103xe.o(.text)
    ADC3_IRQHandler                          0x0800015f   Thumb Code     0  startup_stm32f103xe.o(.text)
    CAN1_RX1_IRQHandler                      0x0800015f   Thumb Code     0  startup_stm32f103xe.o(.text)
    CAN1_SCE_IRQHandler                      0x0800015f   Thumb Code     0  startup_stm32f103xe.o(.text)
    DMA1_Channel1_IRQHandler                 0x0800015f   Thumb Code     0  startup_stm32f103xe.o(.text)
    DMA1_Channel4_IRQHandler                 0x0800015f   Thumb Code     0  startup_stm32f103xe.o(.text)
    DMA1_Channel5_IRQHandler                 0x0800015f   Thumb Code     0  startup_stm32f103xe.o(.text)
    DMA1_Channel6_IRQHandler                 0x0800015f   Thumb Code     0  startup_stm32f103xe.o(.text)
    DMA1_Channel7_IRQHandler                 0x0800015f   Thumb Code     0  startup_stm32f103xe.o(.text)
    DMA2_Channel1_IRQHandler                 0x0800015f   Thumb Code     0  startup_stm32f103xe.o(.text)
    DMA2_Channel2_IRQHandler                 0x0800015f   Thumb Code     0  startup_stm32f103xe.o(.text)
    DMA2_Channel3_IRQHandler                 0x0800015f   Thumb Code     0  startup_stm32f103xe.o(.text)
    DMA2_Channel4_5_IRQHandler               0x0800015f   Thumb Code     0  startup_stm32f103xe.o(.text)
    EXTI0_IRQHandler                         0x0800015f   Thumb Code     0  startup_stm32f103xe.o(.text)
    EXTI15_10_IRQHandler                     0x0800015f   Thumb Code     0  startup_stm32f103xe.o(.text)
    EXTI1_IRQHandler                         0x0800015f   Thumb Code     0  startup_stm32f103xe.o(.text)
    EXTI2_IRQHandler                         0x0800015f   Thumb Code     0  startup_stm32f103xe.o(.text)
    EXTI3_IRQHandler                         0x0800015f   Thumb Code     0  startup_stm32f103xe.o(.text)
    EXTI4_IRQHandler                         0x0800015f   Thumb Code     0  startup_stm32f103xe.o(.text)
    EXTI9_5_IRQHandler                       0x0800015f   Thumb Code     0  startup_stm32f103xe.o(.text)
    FLASH_IRQHandler                         0x0800015f   Thumb Code     0  startup_stm32f103xe.o(.text)
    FSMC_IRQHandler                          0x0800015f   Thumb Code     0  startup_stm32f103xe.o(.text)
    I2C1_ER_IRQHandler                       0x0800015f   Thumb Code     0  startup_stm32f103xe.o(.text)
    I2C1_EV_IRQHandler                       0x0800015f   Thumb Code     0  startup_stm32f103xe.o(.text)
    I2C2_ER_IRQHandler                       0x0800015f   Thumb Code     0  startup_stm32f103xe.o(.text)
    I2C2_EV_IRQHandler                       0x0800015f   Thumb Code     0  startup_stm32f103xe.o(.text)
    PVD_IRQHandler                           0x0800015f   Thumb Code     0  startup_stm32f103xe.o(.text)
    RCC_IRQHandler                           0x0800015f   Thumb Code     0  startup_stm32f103xe.o(.text)
    RTC_Alarm_IRQHandler                     0x0800015f   Thumb Code     0  startup_stm32f103xe.o(.text)
    RTC_IRQHandler                           0x0800015f   Thumb Code     0  startup_stm32f103xe.o(.text)
    SDIO_IRQHandler                          0x0800015f   Thumb Code     0  startup_stm32f103xe.o(.text)
    SPI1_IRQHandler                          0x0800015f   Thumb Code     0  startup_stm32f103xe.o(.text)
    SPI2_IRQHandler                          0x0800015f   Thumb Code     0  startup_stm32f103xe.o(.text)
    SPI3_IRQHandler                          0x0800015f   Thumb Code     0  startup_stm32f103xe.o(.text)
    TAMPER_IRQHandler                        0x0800015f   Thumb Code     0  startup_stm32f103xe.o(.text)
    TIM1_BRK_IRQHandler                      0x0800015f   Thumb Code     0  startup_stm32f103xe.o(.text)
    TIM1_CC_IRQHandler                       0x0800015f   Thumb Code     0  startup_stm32f103xe.o(.text)
    TIM1_TRG_COM_IRQHandler                  0x0800015f   Thumb Code     0  startup_stm32f103xe.o(.text)
    TIM1_UP_IRQHandler                       0x0800015f   Thumb Code     0  startup_stm32f103xe.o(.text)
    TIM2_IRQHandler                          0x0800015f   Thumb Code     0  startup_stm32f103xe.o(.text)
    TIM3_IRQHandler                          0x0800015f   Thumb Code     0  startup_stm32f103xe.o(.text)
    TIM4_IRQHandler                          0x0800015f   Thumb Code     0  startup_stm32f103xe.o(.text)
    TIM5_IRQHandler                          0x0800015f   Thumb Code     0  startup_stm32f103xe.o(.text)
    TIM6_IRQHandler                          0x0800015f   Thumb Code     0  startup_stm32f103xe.o(.text)
    TIM7_IRQHandler                          0x0800015f   Thumb Code     0  startup_stm32f103xe.o(.text)
    TIM8_BRK_IRQHandler                      0x0800015f   Thumb Code     0  startup_stm32f103xe.o(.text)
    TIM8_CC_IRQHandler                       0x0800015f   Thumb Code     0  startup_stm32f103xe.o(.text)
    TIM8_TRG_COM_IRQHandler                  0x0800015f   Thumb Code     0  startup_stm32f103xe.o(.text)
    TIM8_UP_IRQHandler                       0x0800015f   Thumb Code     0  startup_stm32f103xe.o(.text)
    UART4_IRQHandler                         0x0800015f   Thumb Code     0  startup_stm32f103xe.o(.text)
    UART5_IRQHandler                         0x0800015f   Thumb Code     0  startup_stm32f103xe.o(.text)
    USART1_IRQHandler                        0x0800015f   Thumb Code     0  startup_stm32f103xe.o(.text)
    USART2_IRQHandler                        0x0800015f   Thumb Code     0  startup_stm32f103xe.o(.text)
    USART3_IRQHandler                        0x0800015f   Thumb Code     0  startup_stm32f103xe.o(.text)
    USBWakeUp_IRQHandler                     0x0800015f   Thumb Code     0  startup_stm32f103xe.o(.text)
    USB_HP_CAN1_TX_IRQHandler                0x0800015f   Thumb Code     0  startup_stm32f103xe.o(.text)
    USB_LP_CAN1_RX0_IRQHandler               0x0800015f   Thumb Code     0  startup_stm32f103xe.o(.text)
    WWDG_IRQHandler                          0x0800015f   Thumb Code     0  startup_stm32f103xe.o(.text)
    __aeabi_memcpy                           0x08000169   Thumb Code    36  memcpya.o(.text)
    __aeabi_memcpy4                          0x08000169   Thumb Code     0  memcpya.o(.text)
    __aeabi_memcpy8                          0x08000169   Thumb Code     0  memcpya.o(.text)
    __scatterload                            0x0800018d   Thumb Code    28  init.o(.text)
    __scatterload_rt2                        0x0800018d   Thumb Code     0  init.o(.text)
    BusFault_Handler                         0x080001b1   Thumb Code     2  stm32f1xx_it.o(i.BusFault_Handler)
    DMA1_Channel2_IRQHandler                 0x080001b5   Thumb Code     6  stm32f1xx_it.o(i.DMA1_Channel2_IRQHandler)
    DMA1_Channel3_IRQHandler                 0x080001c1   Thumb Code     6  stm32f1xx_it.o(i.DMA1_Channel3_IRQHandler)
    DebugMon_Handler                         0x080001eb   Thumb Code     2  stm32f1xx_it.o(i.DebugMon_Handler)
    Error_Handler                            0x080001ed   Thumb Code     2  main.o(i.Error_Handler)
    GetStatus                                0x080001f1   Thumb Code   152  main.o(i.GetStatus)
    HAL_DMA_IRQHandler                       0x08000299   Thumb Code  1198  stm32f1xx_hal_dma.o(i.HAL_DMA_IRQHandler)
    HAL_DMA_Init                             0x08000751   Thumb Code    80  stm32f1xx_hal_dma.o(i.HAL_DMA_Init)
    HAL_DMA_Start_IT                         0x080007a1   Thumb Code    88  stm32f1xx_hal_dma.o(i.HAL_DMA_Start_IT)
    HAL_Delay                                0x080007f9   Thumb Code    22  stm32f1xx_hal.o(i.HAL_Delay)
    HAL_GPIO_Init                            0x08000811   Thumb Code   446  stm32f1xx_hal_gpio.o(i.HAL_GPIO_Init)
    HAL_GPIO_ReadPin                         0x080009f9   Thumb Code    10  stm32f1xx_hal_gpio.o(i.HAL_GPIO_ReadPin)
    HAL_GPIO_TogglePin                       0x08000a03   Thumb Code     8  stm32f1xx_hal_gpio.o(i.HAL_GPIO_TogglePin)
    HAL_GPIO_WritePin                        0x08000a0b   Thumb Code    10  stm32f1xx_hal_gpio.o(i.HAL_GPIO_WritePin)
    HAL_GetTick                              0x08000a15   Thumb Code     6  stm32f1xx_hal.o(i.HAL_GetTick)
    HAL_IncTick                              0x08000a21   Thumb Code    10  stm32f1xx_hal.o(i.HAL_IncTick)
    HAL_Init                                 0x08000a31   Thumb Code    32  stm32f1xx_hal.o(i.HAL_Init)
    HAL_InitTick                             0x08000a55   Thumb Code    34  stm32f1xx_hal.o(i.HAL_InitTick)
    HAL_MspInit                              0x08000a79   Thumb Code   118  stm32f1xx_hal_msp.o(i.HAL_MspInit)
    HAL_NVIC_EnableIRQ                       0x08000af9   Thumb Code    22  stm32f1xx_hal_cortex.o(i.HAL_NVIC_EnableIRQ)
    HAL_NVIC_SetPriority                     0x08000b11   Thumb Code    60  stm32f1xx_hal_cortex.o(i.HAL_NVIC_SetPriority)
    HAL_NVIC_SetPriorityGrouping             0x08000b51   Thumb Code    26  stm32f1xx_hal_cortex.o(i.HAL_NVIC_SetPriorityGrouping)
    HAL_RCC_ClockConfig                      0x08000b75   Thumb Code   374  stm32f1xx_hal_rcc.o(i.HAL_RCC_ClockConfig)
    HAL_RCC_GetHCLKFreq                      0x08000cfd   Thumb Code     6  stm32f1xx_hal_rcc.o(i.HAL_RCC_GetHCLKFreq)
    HAL_RCC_GetPCLK1Freq                     0x08000d09   Thumb Code    34  stm32f1xx_hal_rcc.o(i.HAL_RCC_GetPCLK1Freq)
    HAL_RCC_GetPCLK2Freq                     0x08000d39   Thumb Code    34  stm32f1xx_hal_rcc.o(i.HAL_RCC_GetPCLK2Freq)
    HAL_RCC_GetSysClockFreq                  0x08000d69   Thumb Code   102  stm32f1xx_hal_rcc.o(i.HAL_RCC_GetSysClockFreq)
    HAL_RCC_OscConfig                        0x08000df1   Thumb Code  1406  stm32f1xx_hal_rcc.o(i.HAL_RCC_OscConfig)
    HAL_SPI_ErrorCallback                    0x0800136f   Thumb Code     2  stm32f1xx_hal_spi.o(i.HAL_SPI_ErrorCallback)
    HAL_SPI_Init                             0x08001371   Thumb Code   132  stm32f1xx_hal_spi_ex.o(i.HAL_SPI_Init)
    HAL_SPI_MspInit                          0x080013f9   Thumb Code   156  spi.o(i.HAL_SPI_MspInit)
    HAL_SPI_Receive_DMA                      0x080014a9   Thumb Code   210  stm32f1xx_hal_spi.o(i.HAL_SPI_Receive_DMA)
    HAL_SPI_RxCpltCallback                   0x08001589   Thumb Code     2  stm32f1xx_hal_spi.o(i.HAL_SPI_RxCpltCallback)
    HAL_SPI_RxHalfCpltCallback               0x0800158b   Thumb Code     2  stm32f1xx_hal_spi.o(i.HAL_SPI_RxHalfCpltCallback)
    HAL_SPI_TransmitReceive_DMA              0x0800158d   Thumb Code   252  stm32f1xx_hal_spi.o(i.HAL_SPI_TransmitReceive_DMA)
    HAL_SPI_TxRxCpltCallback                 0x0800169d   Thumb Code     2  stm32f1xx_hal_spi.o(i.HAL_SPI_TxRxCpltCallback)
    HAL_SPI_TxRxHalfCpltCallback             0x0800169f   Thumb Code     2  stm32f1xx_hal_spi.o(i.HAL_SPI_TxRxHalfCpltCallback)
    HAL_SYSTICK_CLKSourceConfig              0x080016a1   Thumb Code    24  stm32f1xx_hal_cortex.o(i.HAL_SYSTICK_CLKSourceConfig)
    HAL_SYSTICK_Callback                     0x080016b9   Thumb Code     2  stm32f1xx_hal_cortex.o(i.HAL_SYSTICK_Callback)
    HAL_SYSTICK_Config                       0x080016bb   Thumb Code    40  stm32f1xx_hal_cortex.o(i.HAL_SYSTICK_Config)
    HAL_SYSTICK_IRQHandler                   0x080016e3   Thumb Code     8  stm32f1xx_hal_cortex.o(i.HAL_SYSTICK_IRQHandler)
    HAL_UART_Init                            0x080016eb   Thumb Code    94  stm32f1xx_hal_uart.o(i.HAL_UART_Init)
    HAL_UART_MspInit                         0x08001749   Thumb Code    90  usart.o(i.HAL_UART_MspInit)
    HAL_UART_Transmit                        0x080017b5   Thumb Code   204  stm32f1xx_hal_uart.o(i.HAL_UART_Transmit)
    HardFault_Handler                        0x08001881   Thumb Code     2  stm32f1xx_it.o(i.HardFault_Handler)
    MX_DMA_Init                              0x08001885   Thumb Code    56  dma.o(i.MX_DMA_Init)
    MX_GPIO_Init                             0x080018c1   Thumb Code   156  gpio.o(i.MX_GPIO_Init)
    MX_SPI1_Init                             0x08001971   Thumb Code    56  spi.o(i.MX_SPI1_Init)
    MX_USART3_UART_Init                      0x080019b1   Thumb Code    48  usart.o(i.MX_USART3_UART_Init)
    MemManage_Handler                        0x080019e9   Thumb Code     2  stm32f1xx_it.o(i.MemManage_Handler)
    NMI_Handler                              0x080019eb   Thumb Code     2  stm32f1xx_it.o(i.NMI_Handler)
    PendSV_Handler                           0x08001a0d   Thumb Code     2  stm32f1xx_it.o(i.PendSV_Handler)
    SPI_ISCRCErrorValid                      0x08001bd9   Thumb Code    24  stm32f1xx_hal_spi_ex.o(i.SPI_ISCRCErrorValid)
    SVC_Handler                              0x08001c97   Thumb Code     2  stm32f1xx_it.o(i.SVC_Handler)
    SysTick_Handler                          0x08001c99   Thumb Code    14  stm32f1xx_it.o(i.SysTick_Handler)
    SystemClock_Config                       0x08001ca7   Thumb Code    90  main.o(i.SystemClock_Config)
    SystemInit                               0x08001d01   Thumb Code    56  system_stm32f1xx.o(i.SystemInit)
    UsageFault_Handler                       0x08001f4b   Thumb Code     2  stm32f1xx_it.o(i.UsageFault_Handler)
    __scatterload_copy                       0x08001f4d   Thumb Code    14  handlers.o(i.__scatterload_copy)
    __scatterload_null                       0x08001f5b   Thumb Code     2  handlers.o(i.__scatterload_null)
    __scatterload_zeroinit                   0x08001f5d   Thumb Code    14  handlers.o(i.__scatterload_zeroinit)
    main                                     0x08001f6d   Thumb Code   238  main.o(i.main)
    AHBPrescTable                            0x08002064   Data          16  system_stm32f1xx.o(.constdata)
    APBPrescTable                            0x08002074   Data           8  system_stm32f1xx.o(.constdata)
    Region$$Table$$Base                      0x0800207c   Number         0  anon$$obj.o(Region$$Table)
    Region$$Table$$Limit                     0x0800209c   Number         0  anon$$obj.o(Region$$Table)
    uCRCErrorWorkaroundCheck                 0x20000004   Data           1  stm32f1xx_hal_spi_ex.o(.data)
    SystemCoreClock                          0x20000008   Data           4  system_stm32f1xx.o(.data)
    _buffer                                  0x2000000c   Data          17  main.o(.bss)
    hspi1                                    0x20000020   Data          88  spi.o(.bss)
    hdma_spi1_rx                             0x20000078   Data          56  spi.o(.bss)
    hdma_spi1_tx                             0x200000b0   Data          56  spi.o(.bss)
    huart3                                   0x200000e8   Data          64  usart.o(.bss)
    __initial_sp                             0x20000528   Data           0  startup_stm32f103xe.o(STACK)



==============================================================================

Memory Map of the image

  Image Entry point : 0x08000131

  Load Region LR_IROM1 (Base: 0x08000000, Size: 0x000020a8, Max: 0x00040000, ABSOLUTE)

    Execution Region ER_IROM1 (Base: 0x08000000, Size: 0x0000209c, Max: 0x00040000, ABSOLUTE)

    Base Addr    Size         Type   Attr      Idx    E Section Name        Object

    0x08000000   0x00000130   Data   RO         1841    RESET               startup_stm32f103xe.o
    0x08000130   0x00000000   Code   RO         1884  * .ARM.Collect$$$$00000000  mc_w.l(entry.o)
    0x08000130   0x00000004   Code   RO         1893    .ARM.Collect$$$$00000001  mc_w.l(entry2.o)
    0x08000134   0x00000004   Code   RO         1896    .ARM.Collect$$$$00000004  mc_w.l(entry5.o)
    0x08000138   0x00000000   Code   RO         1898    .ARM.Collect$$$$00000008  mc_w.l(entry7b.o)
    0x08000138   0x00000000   Code   RO         1900    .ARM.Collect$$$$0000000A  mc_w.l(entry8b.o)
    0x08000138   0x00000008   Code   RO         1901    .ARM.Collect$$$$0000000B  mc_w.l(entry9a.o)
    0x08000140   0x00000000   Code   RO         1903    .ARM.Collect$$$$0000000D  mc_w.l(entry10a.o)
    0x08000140   0x00000000   Code   RO         1905    .ARM.Collect$$$$0000000F  mc_w.l(entry11a.o)
    0x08000140   0x00000004   Code   RO         1894    .ARM.Collect$$$$00002712  mc_w.l(entry2.o)
    0x08000144   0x00000024   Code   RO         1842    .text               startup_stm32f103xe.o
    0x08000168   0x00000024   Code   RO         1889    .text               mc_w.l(memcpya.o)
    0x0800018c   0x00000024   Code   RO         1907    .text               mc_w.l(init.o)
    0x080001b0   0x00000002   Code   RO         1640    i.BusFault_Handler  stm32f1xx_it.o
    0x080001b2   0x00000002   PAD
    0x080001b4   0x0000000c   Code   RO         1641    i.DMA1_Channel2_IRQHandler  stm32f1xx_it.o
    0x080001c0   0x0000000c   Code   RO         1642    i.DMA1_Channel3_IRQHandler  stm32f1xx_it.o
    0x080001cc   0x0000001e   Code   RO            4    i.DMA_SetConfig     stm32f1xx_hal_dma.o
    0x080001ea   0x00000002   Code   RO         1643    i.DebugMon_Handler  stm32f1xx_it.o
    0x080001ec   0x00000002   Code   RO         1520    i.Error_Handler     main.o
    0x080001ee   0x00000002   PAD
    0x080001f0   0x000000a8   Code   RO         1521    i.GetStatus         main.o
    0x08000298   0x000004b8   Code   RO            9    i.HAL_DMA_IRQHandler  stm32f1xx_hal_dma.o
    0x08000750   0x00000050   Code   RO           10    i.HAL_DMA_Init      stm32f1xx_hal_dma.o
    0x080007a0   0x00000058   Code   RO           13    i.HAL_DMA_Start_IT  stm32f1xx_hal_dma.o
    0x080007f8   0x00000016   Code   RO          463    i.HAL_Delay         stm32f1xx_hal.o
    0x0800080e   0x00000002   PAD
    0x08000810   0x000001e8   Code   RO          830    i.HAL_GPIO_Init     stm32f1xx_hal_gpio.o
    0x080009f8   0x0000000a   Code   RO          832    i.HAL_GPIO_ReadPin  stm32f1xx_hal_gpio.o
    0x08000a02   0x00000008   Code   RO          833    i.HAL_GPIO_TogglePin  stm32f1xx_hal_gpio.o
    0x08000a0a   0x0000000a   Code   RO          834    i.HAL_GPIO_WritePin  stm32f1xx_hal_gpio.o
    0x08000a14   0x0000000c   Code   RO          467    i.HAL_GetTick       stm32f1xx_hal.o
    0x08000a20   0x00000010   Code   RO          468    i.HAL_IncTick       stm32f1xx_hal.o
    0x08000a30   0x00000024   Code   RO          469    i.HAL_Init          stm32f1xx_hal.o
    0x08000a54   0x00000022   Code   RO          470    i.HAL_InitTick      stm32f1xx_hal.o
    0x08000a76   0x00000002   PAD
    0x08000a78   0x00000080   Code   RO         1728    i.HAL_MspInit       stm32f1xx_hal_msp.o
    0x08000af8   0x00000016   Code   RO          305    i.HAL_NVIC_EnableIRQ  stm32f1xx_hal_cortex.o
    0x08000b0e   0x00000002   PAD
    0x08000b10   0x00000040   Code   RO          311    i.HAL_NVIC_SetPriority  stm32f1xx_hal_cortex.o
    0x08000b50   0x00000024   Code   RO          312    i.HAL_NVIC_SetPriorityGrouping  stm32f1xx_hal_cortex.o
    0x08000b74   0x00000188   Code   RO          202    i.HAL_RCC_ClockConfig  stm32f1xx_hal_rcc.o
    0x08000cfc   0x0000000c   Code   RO          207    i.HAL_RCC_GetHCLKFreq  stm32f1xx_hal_rcc.o
    0x08000d08   0x00000030   Code   RO          209    i.HAL_RCC_GetPCLK1Freq  stm32f1xx_hal_rcc.o
    0x08000d38   0x00000030   Code   RO          210    i.HAL_RCC_GetPCLK2Freq  stm32f1xx_hal_rcc.o
    0x08000d68   0x00000088   Code   RO          211    i.HAL_RCC_GetSysClockFreq  stm32f1xx_hal_rcc.o
    0x08000df0   0x0000057e   Code   RO          214    i.HAL_RCC_OscConfig  stm32f1xx_hal_rcc.o
    0x0800136e   0x00000002   Code   RO         1279    i.HAL_SPI_ErrorCallback  stm32f1xx_hal_spi.o
    0x08001370   0x00000088   Code   RO         1014    i.HAL_SPI_Init      stm32f1xx_hal_spi_ex.o
    0x080013f8   0x000000b0   Code   RO         1599    i.HAL_SPI_MspInit   spi.o
    0x080014a8   0x000000e0   Code   RO         1287    i.HAL_SPI_Receive_DMA  stm32f1xx_hal_spi.o
    0x08001588   0x00000002   Code   RO         1289    i.HAL_SPI_RxCpltCallback  stm32f1xx_hal_spi.o
    0x0800158a   0x00000002   Code   RO         1290    i.HAL_SPI_RxHalfCpltCallback  stm32f1xx_hal_spi.o
    0x0800158c   0x00000110   Code   RO         1293    i.HAL_SPI_TransmitReceive_DMA  stm32f1xx_hal_spi.o
    0x0800169c   0x00000002   Code   RO         1299    i.HAL_SPI_TxRxCpltCallback  stm32f1xx_hal_spi.o
    0x0800169e   0x00000002   Code   RO         1300    i.HAL_SPI_TxRxHalfCpltCallback  stm32f1xx_hal_spi.o
    0x080016a0   0x00000018   Code   RO          314    i.HAL_SYSTICK_CLKSourceConfig  stm32f1xx_hal_cortex.o
    0x080016b8   0x00000002   Code   RO          315    i.HAL_SYSTICK_Callback  stm32f1xx_hal_cortex.o
    0x080016ba   0x00000028   Code   RO          316    i.HAL_SYSTICK_Config  stm32f1xx_hal_cortex.o
    0x080016e2   0x00000008   Code   RO          317    i.HAL_SYSTICK_IRQHandler  stm32f1xx_hal_cortex.o
    0x080016ea   0x0000005e   Code   RO          606    i.HAL_UART_Init     stm32f1xx_hal_uart.o
    0x08001748   0x0000006c   Code   RO         1753    i.HAL_UART_MspInit  usart.o
    0x080017b4   0x000000cc   Code   RO          614    i.HAL_UART_Transmit  stm32f1xx_hal_uart.o
    0x08001880   0x00000002   Code   RO         1644    i.HardFault_Handler  stm32f1xx_it.o
    0x08001882   0x00000002   PAD
    0x08001884   0x0000003c   Code   RO         1818    i.MX_DMA_Init       dma.o
    0x080018c0   0x000000b0   Code   RO         1794    i.MX_GPIO_Init      gpio.o
    0x08001970   0x00000040   Code   RO         1600    i.MX_SPI1_Init      spi.o
    0x080019b0   0x00000038   Code   RO         1754    i.MX_USART3_UART_Init  usart.o
    0x080019e8   0x00000002   Code   RO         1645    i.MemManage_Handler  stm32f1xx_it.o
    0x080019ea   0x00000002   Code   RO         1646    i.NMI_Handler       stm32f1xx_it.o
    0x080019ec   0x00000020   Code   RO          318    i.NVIC_SetPriority  stm32f1xx_hal_cortex.o
    0x08001a0c   0x00000002   Code   RO         1647    i.PendSV_Handler    stm32f1xx_it.o
    0x08001a0e   0x0000001e   Code   RO         1302    i.SPI_DMAError      stm32f1xx_hal_spi.o
    0x08001a2c   0x0000000a   Code   RO         1303    i.SPI_DMAHalfReceiveCplt  stm32f1xx_hal_spi.o
    0x08001a36   0x0000000a   Code   RO         1305    i.SPI_DMAHalfTransmitReceiveCplt  stm32f1xx_hal_spi.o
    0x08001a40   0x000000da   Code   RO         1306    i.SPI_DMAReceiveCplt  stm32f1xx_hal_spi.o
    0x08001b1a   0x000000be   Code   RO         1308    i.SPI_DMATransmitReceiveCplt  stm32f1xx_hal_spi.o
    0x08001bd8   0x00000020   Code   RO         1015    i.SPI_ISCRCErrorValid  stm32f1xx_hal_spi_ex.o
    0x08001bf8   0x0000009e   Code   RO         1314    i.SPI_WaitOnFlagUntilTimeout  stm32f1xx_hal_spi.o
    0x08001c96   0x00000002   Code   RO         1648    i.SVC_Handler       stm32f1xx_it.o
    0x08001c98   0x0000000e   Code   RO         1649    i.SysTick_Handler   stm32f1xx_it.o
    0x08001ca6   0x0000005a   Code   RO         1525    i.SystemClock_Config  main.o
    0x08001d00   0x00000048   Code   RO         1850    i.SystemInit        system_stm32f1xx.o
    0x08001d48   0x00000170   Code   RO          625    i.UART_SetConfig    stm32f1xx_hal_uart.o
    0x08001eb8   0x00000092   Code   RO          627    i.UART_WaitOnFlagUntilTimeout  stm32f1xx_hal_uart.o
    0x08001f4a   0x00000002   Code   RO         1650    i.UsageFault_Handler  stm32f1xx_it.o
    0x08001f4c   0x0000000e   Code   RO         1911    i.__scatterload_copy  mc_w.l(handlers.o)
    0x08001f5a   0x00000002   Code   RO         1912    i.__scatterload_null  mc_w.l(handlers.o)
    0x08001f5c   0x0000000e   Code   RO         1913    i.__scatterload_zeroinit  mc_w.l(handlers.o)
    0x08001f6a   0x00000002   PAD
    0x08001f6c   0x000000f8   Code   RO         1526    i.main              main.o
    0x08002064   0x00000010   Data   RO         1851    .constdata          system_stm32f1xx.o
    0x08002074   0x00000008   Data   RO         1852    .constdata          system_stm32f1xx.o
    0x0800207c   0x00000020   Data   RO         1909    Region$$Table       anon$$obj.o


    Execution Region RW_IRAM1 (Base: 0x20000000, Size: 0x00000528, Max: 0x0000c000, ABSOLUTE)

    Base Addr    Size         Type   Attr      Idx    E Section Name        Object

    0x20000000   0x00000004   Data   RW          475    .data               stm32f1xx_hal.o
    0x20000004   0x00000001   Data   RW         1016    .data               stm32f1xx_hal_spi_ex.o
    0x20000005   0x00000003   PAD
    0x20000008   0x00000004   Data   RW         1853    .data               system_stm32f1xx.o
    0x2000000c   0x00000011   Zero   RW         1527    .bss                main.o
    0x2000001d   0x00000003   PAD
    0x20000020   0x000000c8   Zero   RW         1601    .bss                spi.o
    0x200000e8   0x00000040   Zero   RW         1755    .bss                usart.o
    0x20000128   0x00000400   Zero   RW         1839    STACK               startup_stm32f103xe.o


==============================================================================

Image component sizes


      Code (inc. data)   RO Data    RW Data    ZI Data      Debug   Object Name

        60          4          0          0          0        774   dma.o
       176         20          0          0          0        975   gpio.o
       508         26          0          0         17       3705   main.o
       240         28          0          0        200       1795   spi.o
        36          8        304          0       1024        788   startup_stm32f103xe.o
       120         16          0          4          0       3682   stm32f1xx_hal.o
       228         14          0          0          0      27149   stm32f1xx_hal_cortex.o
      1406         20          0          0          0     480067   stm32f1xx_hal_dma.o
       516         42          0          0          0       3920   stm32f1xx_hal_gpio.o
       128         10          0          0          0        874   stm32f1xx_hal_msp.o
      2042         98          0          0          0       5756   stm32f1xx_hal_rcc.o
      1122         34          0          0          0       8628   stm32f1xx_hal_spi.o
       168         12          0          1          0       1948   stm32f1xx_hal_spi_ex.o
       812          4          0          0          0       3612   stm32f1xx_hal_uart.o
        54         12          0          0          0       4884   stm32f1xx_it.o
        72         16         24          4          0       1439   system_stm32f1xx.o
       164         26          0          0         64       1662   usart.o

    ----------------------------------------------------------------------
      7864        390        360         12       1308     551658   Object Totals
         0          0         32          0          0          0   (incl. Generated)
        12          0          0          3          3          0   (incl. Padding)

    ----------------------------------------------------------------------

      Code (inc. data)   RO Data    RW Data    ZI Data      Debug   Library Member Name

         0          0          0          0          0          0   entry.o
         0          0          0          0          0          0   entry10a.o
         0          0          0          0          0          0   entry11a.o
         8          4          0          0          0          0   entry2.o
         4          0          0          0          0          0   entry5.o
         0          0          0          0          0          0   entry7b.o
         0          0          0          0          0          0   entry8b.o
         8          4          0          0          0          0   entry9a.o
        30          0          0          0          0          0   handlers.o
        36          8          0          0          0         68   init.o
        36          0          0          0          0         68   memcpya.o

    ----------------------------------------------------------------------
       124         16          0          0          0        136   Library Totals
         2          0          0          0          0          0   (incl. Padding)

    ----------------------------------------------------------------------

      Code (inc. data)   RO Data    RW Data    ZI Data      Debug   Library Name

       122         16          0          0          0        136   mc_w.l

    ----------------------------------------------------------------------
       124         16          0          0          0        136   Library Totals

    ----------------------------------------------------------------------

==============================================================================


      Code (inc. data)   RO Data    RW Data    ZI Data      Debug   

      7988        406        360         12       1308     548618   Grand Totals
      7988        406        360         12       1308     548618   ELF Image Totals
      7988        406        360         12          0          0   ROM Totals

==============================================================================

    Total RO  Size (Code + RO Data)                 8348 (   8.15kB)
    Total RW  Size (RW Data + ZI Data)              1320 (   1.29kB)
    Total ROM Size (Code + RO Data + RW Data)       8360 (   8.16kB)

==============================================================================

